Picked up JAVA_TOOL_OPTIONS: -Dstdout.encoding=UTF-8 -Dstderr.encoding=UTF-8
Initialized native services in: C:\Users\aleja\.gradle\native
Initialized jansi services in: C:\Users\aleja\.gradle\native
Found daemon DaemonInfo{pid=37840, address=[59284459-c611-47e3-976d-f1a5c918bcab port:63782, addresses:[/127.0.0.1]], state=Idle, lastBusy=1776762398593, context=DefaultDaemonContext[uid=ffbe5c28-2fd3-49a4-ba75-7f468c5aee47,javaHome=C:\Users\aleja\.antigravity\extensions\redhat.java-1.54.0-win32-x64\jre\21.0.10-win32-x86_64,javaVersion=21,javaVendor=Eclipse Adoptium,daemonRegistryDir=C:\Users\aleja\.gradle\daemon,pid=37840,idleTimeout=10800000,priority=NORMAL,applyInstrumentationAgent=true,nativeServicesMode=ENABLED,daemonOpts=-Xmx2048m,-Dfile.encoding=UTF-8,-Duser.country=MX,-Duser.language=es,-Duser.variant]} however its context does not match the desired criteria.
JVM is incompatible.
Wanted: DaemonRequestContext{jvmCriteria=C:\Users\aleja\AppData\Roaming\Code\User\globalStorage\pleiades.java-extension-pack-jdk\java\25 (no JDK specified, using current Java home), daemonOpts=[-Xmx2048m, -Dfile.encoding=UTF-8, -Duser.country=MX, -Duser.language=es, -Duser.variant], applyInstrumentationAgent=true, nativeServicesMode=ENABLED, priority=NORMAL}
Actual: DefaultDaemonContext[uid=ffbe5c28-2fd3-49a4-ba75-7f468c5aee47,javaHome=C:\Users\aleja\.antigravity\extensions\redhat.java-1.54.0-win32-x64\jre\21.0.10-win32-x86_64,javaVersion=21,javaVendor=Eclipse Adoptium,daemonRegistryDir=C:\Users\aleja\.gradle\daemon,pid=37840,idleTimeout=10800000,priority=NORMAL,applyInstrumentationAgent=true,nativeServicesMode=ENABLED,daemonOpts=-Xmx2048m,-Dfile.encoding=UTF-8,-Duser.country=MX,-Duser.language=es,-Duser.variant]

  Looking for a different daemon...
Found daemon DaemonInfo{pid=75600, address=[3f5704e2-5d33-4e54-b47b-c43f0743eb06 port:56423, addresses:[/127.0.0.1]], state=Idle, lastBusy=1776762621477, context=DefaultDaemonContext[uid=64d703ce-eeee-42ed-86b4-ae4635b160ec,javaHome=C:\Program Files\Java\jdk-25,javaVersion=25,javaVendor=Oracle Corporation,daemonRegistryDir=C:\Users\aleja\.gradle\daemon,pid=75600,idleTimeout=10800000,priority=NORMAL,applyInstrumentationAgent=true,nativeServicesMode=ENABLED,daemonOpts=-Xmx2048m,-Dfile.encoding=UTF-8,-Duser.country=MX,-Duser.language=es,-Duser.variant]} however its context does not match the desired criteria.
JVM is incompatible.
Wanted: DaemonRequestContext{jvmCriteria=C:\Users\aleja\AppData\Roaming\Code\User\globalStorage\pleiades.java-extension-pack-jdk\java\25 (no JDK specified, using current Java home), daemonOpts=[-Xmx2048m, -Dfile.encoding=UTF-8, -Duser.country=MX, -Duser.language=es, -Duser.variant], applyInstrumentationAgent=true, nativeServicesMode=ENABLED, priority=NORMAL}
Actual: DefaultDaemonContext[uid=64d703ce-eeee-42ed-86b4-ae4635b160ec,javaHome=C:\Program Files\Java\jdk-25,javaVersion=25,javaVendor=Oracle Corporation,daemonRegistryDir=C:\Users\aleja\.gradle\daemon,pid=75600,idleTimeout=10800000,priority=NORMAL,applyInstrumentationAgent=true,nativeServicesMode=ENABLED,daemonOpts=-Xmx2048m,-Dfile.encoding=UTF-8,-Duser.country=MX,-Duser.language=es,-Duser.variant]

  Looking for a different daemon...
Found daemon DaemonInfo{pid=64056, address=[bc5b870a-e18d-4cc2-939f-3e1722bcf63e port:63031, addresses:[/127.0.0.1]], state=Idle, lastBusy=1776762398364, context=DefaultDaemonContext[uid=8e4c8308-417b-4e1d-83ec-d675b1dd8199,javaHome=C:\Users\aleja\.vscode\extensions\redhat.java-1.54.0-win32-x64\jre\21.0.10-win32-x86_64,javaVersion=21,javaVendor=Eclipse Adoptium,daemonRegistryDir=C:\Users\aleja\.gradle\daemon,pid=64056,idleTimeout=10800000,priority=NORMAL,applyInstrumentationAgent=true,nativeServicesMode=ENABLED,daemonOpts=-Xmx2048m,-Dfile.encoding=UTF-8,-Duser.country=MX,-Duser.language=es,-Duser.variant]} however its context does not match the desired criteria.
JVM is incompatible.
Wanted: DaemonRequestContext{jvmCriteria=C:\Users\aleja\AppData\Roaming\Code\User\globalStorage\pleiades.java-extension-pack-jdk\java\25 (no JDK specified, using current Java home), daemonOpts=[-Xmx2048m, -Dfile.encoding=UTF-8, -Duser.country=MX, -Duser.language=es, -Duser.variant], applyInstrumentationAgent=true, nativeServicesMode=ENABLED, priority=NORMAL}
Actual: DefaultDaemonContext[uid=8e4c8308-417b-4e1d-83ec-d675b1dd8199,javaHome=C:\Users\aleja\.vscode\extensions\redhat.java-1.54.0-win32-x64\jre\21.0.10-win32-x86_64,javaVersion=21,javaVendor=Eclipse Adoptium,daemonRegistryDir=C:\Users\aleja\.gradle\daemon,pid=64056,idleTimeout=10800000,priority=NORMAL,applyInstrumentationAgent=true,nativeServicesMode=ENABLED,daemonOpts=-Xmx2048m,-Dfile.encoding=UTF-8,-Duser.country=MX,-Duser.language=es,-Duser.variant]

  Looking for a different daemon...
The client will now receive all logging from the daemon (pid: 35260). The daemon log file: C:\Users\aleja\.gradle\daemon\9.1.0\daemon-35260.out.log
Starting 20th build in daemon [uptime: 6 hrs 24 mins 56.342 secs, performance: 96%, GC rate: 0.00/s, heap usage: 3% of 2 GiB]
Using 16 worker leases.
Invalidating in-memory cache of C:\Users\aleja\AndroidStudioProjects\ale-nini\AmorDePelis\.gradle\9.1.0\fileHashes\fileHashes.bin
Invalidating in-memory cache of C:\Users\aleja\AndroidStudioProjects\ale-nini\AmorDePelis\.gradle\buildOutputCleanup\outputFiles.bin
Invalidating in-memory cache of C:\Users\aleja\AndroidStudioProjects\ale-nini\AmorDePelis\.gradle\9.1.0\fileHashes\resourceHashesCache.bin
Now considering [C:\Users\aleja\AndroidStudioProjects\ale-nini\AmorDePelis] as hierarchies to watch
Watching the file system is configured to be enabled if available
File system watching is active
Starting Build
Invalidating in-memory cache of C:\Users\aleja\.gradle\caches\9.1.0\fileHashes\kotlinDslCompileAvoidanceClasspathHashCache.bin
Invalidating in-memory cache of C:\Users\aleja\.gradle\caches\9.1.0\fileHashes\fileHashes.bin
Invalidating in-memory cache of C:\Users\aleja\.gradle\caches\9.1.0\fileHashes\resourceHashesCache.bin
Invalidating in-memory cache of C:\Users\aleja\.gradle\caches\journal-1\file-access.bin
Settings evaluated using settings file 'C:\Users\aleja\AndroidStudioProjects\ale-nini\AmorDePelis\settings.gradle.kts'.
Projects loaded. Root project using build file 'C:\Users\aleja\AndroidStudioProjects\ale-nini\AmorDePelis\build.gradle.kts'.
Included projects: [root project 'AmorDePelis', project ':app']

> Configure project :
Evaluating root project 'AmorDePelis' using build file 'C:\Users\aleja\AndroidStudioProjects\ale-nini\AmorDePelis\build.gradle.kts'.
Resolved plugin [id: 'com.android.application', version: '9.0.1', apply: false]
Resolved plugin [id: 'org.jetbrains.kotlin.plugin.compose', version: '2.0.21', apply: false]
Resolved plugin [id: 'org.jetbrains.kotlin.android', version: '2.0.21', apply: false]
Resolved plugin [id: 'org.jetbrains.kotlin.plugin.serialization', version: '2.0.21', apply: false]
Resolved plugin [id: 'com.google.android.libraries.mapsplatform.secrets-gradle-plugin', version: '2.0.1', apply: false]
Resolved plugin [id: 'com.google.dagger.hilt.android', version: '2.59.2', apply: false]
Resolved plugin [id: 'com.google.devtools.ksp', version: '2.1.0-1.0.29', apply: false]

> Configure project :app
Evaluating project ':app' using build file 'C:\Users\aleja\AndroidStudioProjects\ale-nini\AmorDePelis\app\build.gradle.kts'.
Resolved plugin [id: 'com.android.application', version: '9.0.1']
Resolved plugin [id: 'org.jetbrains.kotlin.plugin.compose', version: '2.0.21']
Resolved plugin [id: 'com.google.android.libraries.mapsplatform.secrets-gradle-plugin', version: '2.0.1']
Resolved plugin [id: 'org.jetbrains.kotlin.plugin.serialization', version: '2.0.21']
Resolved plugin [id: 'com.google.devtools.ksp', version: '2.1.0-1.0.29']
Resolved plugin [id: 'com.google.dagger.hilt.android', version: '2.59.2']
WARNING: The option setting 'android.disallowKotlinSourceSets=false' is experimental.
The current default is 'true'.
Build 30017c36-d467-4a17-885b-205c0829ad74 is started
Using default execution profile
Detected Android Gradle Plugin compose compiler configuration
Detected Android Gradle Plugin compose compiler configuration
Detected Android Gradle Plugin compose compiler configuration
Detected Android Gradle Plugin compose compiler configuration
All projects evaluated.
Adding -Xuse-inline-scopes-numbers Kotlin compiler flag for task :app:compileDebugKotlin
Task name matched 'compileDebugKotlin'
Selected primary task 'compileDebugKotlin' from project :
Kotlin does not yet support 25 JDK target, falling back to Kotlin JVM_24 JVM target
Tasks to be executed: [task ':app:preBuild', task ':app:preDebugBuild', task ':app:generateDebugResources', task ':app:packageDebugResources', task ':app:processDebugNavigationResources', task ':app:parseDebugLocalResources', task ':app:generateDebugRFile', task ':app:kspDebugKotlin', task ':app:compileDebugKotlin']
Tasks that were excluded: []
Resolve mutations for :app:preBuild (Thread[#2448,Execution worker,5,main]) started.
:app:preBuild (Thread[#2448,Execution worker,5,main]) started.
Invalidating in-memory cache of C:\Users\aleja\AndroidStudioProjects\ale-nini\AmorDePelis\.gradle\9.1.0\executionHistory\executionHistory.bin

> Task :app:preBuild UP-TO-DATE
Skipping task ':app:preBuild' as it has no actions.
Resolve mutations for :app:preDebugBuild (Thread[#2448,Execution worker,5,main]) started.
:app:preDebugBuild (Thread[#2448,Execution worker,5,main]) started.

> Task :app:preDebugBuild UP-TO-DATE
Skipping task ':app:preDebugBuild' as it has no actions.
Resolve mutations for :app:generateDebugResources (Thread[#2448,Execution worker,5,main]) started.
:app:generateDebugResources (Thread[#2448,Execution worker,5,main]) started.

> Task :app:generateDebugResources UP-TO-DATE
Caching disabled for task ':app:generateDebugResources' because:
  Build cache is disabled
Skipping task ':app:generateDebugResources' as it is up-to-date.
Resolve mutations for :app:packageDebugResources (Thread[#2448,Execution worker,5,main]) started.
:app:packageDebugResources (Thread[#2448,Execution worker,5,main]) started.

> Task :app:packageDebugResources UP-TO-DATE
Caching disabled for task ':app:packageDebugResources' because:
  Build cache is disabled
Skipping task ':app:packageDebugResources' as it is up-to-date.
Resolve mutations for :app:processDebugNavigationResources (Thread[#2448,Execution worker,5,main]) started.
:app:processDebugNavigationResources (Thread[#2448,Execution worker,5,main]) started.

> Task :app:processDebugNavigationResources UP-TO-DATE
Caching disabled for task ':app:processDebugNavigationResources' because:
  Build cache is disabled
Skipping task ':app:processDebugNavigationResources' as it is up-to-date.
Resolve mutations for :app:parseDebugLocalResources (Thread[#2448,Execution worker,5,main]) started.
:app:parseDebugLocalResources (Thread[#2448,Execution worker,5,main]) started.

> Task :app:parseDebugLocalResources UP-TO-DATE
Caching disabled for task ':app:parseDebugLocalResources' because:
  Build cache is disabled
Skipping task ':app:parseDebugLocalResources' as it is up-to-date.
Resolve mutations for :app:generateDebugRFile (Thread[#2448,Execution worker,5,main]) started.
:app:generateDebugRFile (Thread[#2448,Execution worker,5,main]) started.

> Task :app:generateDebugRFile UP-TO-DATE
Caching disabled for task ':app:generateDebugRFile' because:
  Build cache is disabled
Skipping task ':app:generateDebugRFile' as it is up-to-date.
Resolve mutations for :app:kspDebugKotlin (Thread[#2448,Execution worker,5,main]) started.
:app:kspDebugKotlin (Thread[#2448,Execution worker,5,main]) started.

> Task :app:kspDebugKotlin
Kotlin does not yet support 25 JDK target, falling back to Kotlin JVM_24 JVM target
Kotlin does not yet support 25 JDK target, falling back to Kotlin JVM_24 JVM target
Caching disabled for task ':app:kspDebugKotlin' because:
  Build cache is disabled
Task ':app:kspDebugKotlin' is not up-to-date because:
  Value of input property 'kspConfig.logLevel' has changed for task ':app:kspDebugKotlin'
The input changes require a full rebuild for incremental task ':app:kspDebugKotlin'.
file or directory 'C:\Users\aleja\AndroidStudioProjects\ale-nini\AmorDePelis\app\src\main\kotlin', not found
file or directory 'C:\Users\aleja\AndroidStudioProjects\ale-nini\AmorDePelis\app\src\debug\java', not found
file or directory 'C:\Users\aleja\AndroidStudioProjects\ale-nini\AmorDePelis\app\src\debug\kotlin', not found
file or directory 'C:\Users\aleja\AndroidStudioProjects\ale-nini\AmorDePelis\app\src\main\kotlin', not found
file or directory 'C:\Users\aleja\AndroidStudioProjects\ale-nini\AmorDePelis\app\src\debug\java', not found
file or directory 'C:\Users\aleja\AndroidStudioProjects\ale-nini\AmorDePelis\app\src\debug\kotlin', not found
i: [ksp] loaded provider(s): [dagger.hilt.processor.internal.uninstallmodules.KspUninstallModulesProcessor$Provider, dagger.hilt.android.processor.internal.viewmodel.KspViewModelProcessor$Provider, dagger.hilt.processor.internal.earlyentrypoint.KspEarlyEntryPointProcessor$Provider, dagger.hilt.android.processor.internal.androidentrypoint.KspAndroidEntryPointProcessor$Provider, dagger.hilt.processor.internal.definecomponent.KspDefineComponentProcessor$Provider, dagger.hilt.processor.internal.originatingelement.KspOriginatingElementProcessor$Provider, dagger.hilt.android.processor.internal.bindvalue.KspBindValueProcessor$Provider, dagger.hilt.processor.internal.root.KspComponentTreeDepsProcessor$Provider, dagger.hilt.processor.internal.root.KspRootProcessor$Provider, dagger.hilt.processor.internal.aliasof.KspAliasOfProcessor$Provider, dagger.hilt.processor.internal.aggregateddeps.KspAggregatedDepsProcessor$Provider, dagger.hilt.processor.internal.generatesrootinput.KspGeneratesRootInputProcessor$Provider, dagger.hilt.android.processor.internal.customtestapplication.KspCustomTestApplicationProcessor$Provider, androidx.room.RoomKspProcessor$Provider, dagger.internal.codegen.KspComponentProcessor$Provider]
w: [ksp] movieId column references a foreign key but it is not part of an index. This may trigger full table scans whenever parent table is modified so you are highly advised to create an index that covers this column.
Resolve mutations for :app:compileDebugKotlin (Thread[#2448,Execution worker,5,main]) started.
:app:compileDebugKotlin (Thread[#2448,Execution worker,5,main]) started.

> Task :app:compileDebugKotlin
file or directory 'C:\Users\aleja\AndroidStudioProjects\ale-nini\AmorDePelis\app\src\main\kotlin', not found
file or directory 'C:\Users\aleja\AndroidStudioProjects\ale-nini\AmorDePelis\app\src\debug\java', not found
file or directory 'C:\Users\aleja\AndroidStudioProjects\ale-nini\AmorDePelis\app\src\debug\kotlin', not found
file or directory 'C:\Users\aleja\AndroidStudioProjects\ale-nini\AmorDePelis\app\src\debug\java', not found
file or directory 'C:\Users\aleja\AndroidStudioProjects\ale-nini\AmorDePelis\app\src\main\kotlin', not found
file or directory 'C:\Users\aleja\AndroidStudioProjects\ale-nini\AmorDePelis\app\src\debug\java', not found
file or directory 'C:\Users\aleja\AndroidStudioProjects\ale-nini\AmorDePelis\app\src\debug\kotlin', not found
file or directory 'C:\Users\aleja\AndroidStudioProjects\ale-nini\AmorDePelis\app\src\debug\java', not found
file or directory 'C:\Users\aleja\AndroidStudioProjects\ale-nini\AmorDePelis\app\src\main\kotlin', not found
file or directory 'C:\Users\aleja\AndroidStudioProjects\ale-nini\AmorDePelis\app\src\debug\java', not found
file or directory 'C:\Users\aleja\AndroidStudioProjects\ale-nini\AmorDePelis\app\src\debug\kotlin', not found
file or directory 'C:\Users\aleja\AndroidStudioProjects\ale-nini\AmorDePelis\app\src\debug\java', not found
Custom actions are attached to task ':app:compileDebugKotlin'.
Caching disabled for task ':app:compileDebugKotlin' because:
  Build cache is disabled
Task ':app:compileDebugKotlin' is not up-to-date because:
  Input property 'javaSources' file C:\Users\aleja\AndroidStudioProjects\ale-nini\AmorDePelis\app\build\generated\ksp\debug\java\com\alejandra\amordepelis\features\movies\data\datasources\remote\mapper\MovieFormDtoFactoryImpl_Factory.java has been added.
  Input property 'javaSources' file C:\Users\aleja\AndroidStudioProjects\ale-nini\AmorDePelis\app\build\generated\ksp\debug\java\com\alejandra\amordepelis\features\movies\domain\usecases\CreateMovieWithImageUseCase_Factory.java has been added.
  Input property 'javaSources' file C:\Users\aleja\AndroidStudioProjects\ale-nini\AmorDePelis\app\build\generated\ksp\debug\java\com\alejandra\amordepelis\features\movies\domain\usecases\ValidateMovieFormUseCase_Factory.java has been added.
  and more...
file or directory 'C:\Users\aleja\AndroidStudioProjects\ale-nini\AmorDePelis\app\src\main\kotlin', not found
file or directory 'C:\Users\aleja\AndroidStudioProjects\ale-nini\AmorDePelis\app\src\main\kotlin', not found
file or directory 'C:\Users\aleja\AndroidStudioProjects\ale-nini\AmorDePelis\app\src\debug\java', not found
file or directory 'C:\Users\aleja\AndroidStudioProjects\ale-nini\AmorDePelis\app\src\debug\java', not found
file or directory 'C:\Users\aleja\AndroidStudioProjects\ale-nini\AmorDePelis\app\src\debug\kotlin', not found
file or directory 'C:\Users\aleja\AndroidStudioProjects\ale-nini\AmorDePelis\app\src\debug\kotlin', not found
file or directory 'C:\Users\aleja\AndroidStudioProjects\ale-nini\AmorDePelis\app\src\debug\java', not found
file or directory 'C:\Users\aleja\AndroidStudioProjects\ale-nini\AmorDePelis\app\src\debug\java', not found
file or directory 'C:\Users\aleja\AndroidStudioProjects\ale-nini\AmorDePelis\app\src\main\kotlin', not found
file or directory 'C:\Users\aleja\AndroidStudioProjects\ale-nini\AmorDePelis\app\src\debug\java', not found
file or directory 'C:\Users\aleja\AndroidStudioProjects\ale-nini\AmorDePelis\app\src\debug\kotlin', not found
file or directory 'C:\Users\aleja\AndroidStudioProjects\ale-nini\AmorDePelis\app\src\main\kotlin', not found
file or directory 'C:\Users\aleja\AndroidStudioProjects\ale-nini\AmorDePelis\app\src\main\kotlin', not found
file or directory 'C:\Users\aleja\AndroidStudioProjects\ale-nini\AmorDePelis\app\src\debug\java', not found
file or directory 'C:\Users\aleja\AndroidStudioProjects\ale-nini\AmorDePelis\app\src\debug\java', not found
file or directory 'C:\Users\aleja\AndroidStudioProjects\ale-nini\AmorDePelis\app\src\debug\kotlin', not found
file or directory 'C:\Users\aleja\AndroidStudioProjects\ale-nini\AmorDePelis\app\src\debug\kotlin', not found
file or directory 'C:\Users\aleja\AndroidStudioProjects\ale-nini\AmorDePelis\app\src\debug\java', not found
file or directory 'C:\Users\aleja\AndroidStudioProjects\ale-nini\AmorDePelis\app\src\debug\java', not found
file or directory 'C:\Users\aleja\AndroidStudioProjects\ale-nini\AmorDePelis\app\src\main\kotlin', not found
file or directory 'C:\Users\aleja\AndroidStudioProjects\ale-nini\AmorDePelis\app\src\debug\java', not found
file or directory 'C:\Users\aleja\AndroidStudioProjects\ale-nini\AmorDePelis\app\src\debug\kotlin', not found
file or directory 'C:\Users\aleja\AndroidStudioProjects\ale-nini\AmorDePelis\app\src\main\kotlin', not found
file or directory 'C:\Users\aleja\AndroidStudioProjects\ale-nini\AmorDePelis\app\src\main\kotlin', not found
file or directory 'C:\Users\aleja\AndroidStudioProjects\ale-nini\AmorDePelis\app\src\debug\java', not found
file or directory 'C:\Users\aleja\AndroidStudioProjects\ale-nini\AmorDePelis\app\src\debug\java', not found
file or directory 'C:\Users\aleja\AndroidStudioProjects\ale-nini\AmorDePelis\app\src\debug\kotlin', not found
file or directory 'C:\Users\aleja\AndroidStudioProjects\ale-nini\AmorDePelis\app\src\debug\kotlin', not found
file or directory 'C:\Users\aleja\AndroidStudioProjects\ale-nini\AmorDePelis\app\src\debug\java', not found
file or directory 'C:\Users\aleja\AndroidStudioProjects\ale-nini\AmorDePelis\app\src\debug\java', not found
file or directory 'C:\Users\aleja\AndroidStudioProjects\ale-nini\AmorDePelis\app\src\main\kotlin', not found
file or directory 'C:\Users\aleja\AndroidStudioProjects\ale-nini\AmorDePelis\app\src\debug\java', not found
file or directory 'C:\Users\aleja\AndroidStudioProjects\ale-nini\AmorDePelis\app\src\debug\kotlin', not found
file or directory 'C:\Users\aleja\AndroidStudioProjects\ale-nini\AmorDePelis\app\src\main\kotlin', not found
file or directory 'C:\Users\aleja\AndroidStudioProjects\ale-nini\AmorDePelis\app\src\main\kotlin', not found
file or directory 'C:\Users\aleja\AndroidStudioProjects\ale-nini\AmorDePelis\app\src\debug\java', not found
file or directory 'C:\Users\aleja\AndroidStudioProjects\ale-nini\AmorDePelis\app\src\debug\java', not found
file or directory 'C:\Users\aleja\AndroidStudioProjects\ale-nini\AmorDePelis\app\src\debug\kotlin', not found
file or directory 'C:\Users\aleja\AndroidStudioProjects\ale-nini\AmorDePelis\app\src\debug\kotlin', not found
file or directory 'C:\Users\aleja\AndroidStudioProjects\ale-nini\AmorDePelis\app\src\debug\java', not found
file or directory 'C:\Users\aleja\AndroidStudioProjects\ale-nini\AmorDePelis\app\src\debug\java', not found
file or directory 'C:\Users\aleja\AndroidStudioProjects\ale-nini\AmorDePelis\app\src\main\kotlin', not found
file or directory 'C:\Users\aleja\AndroidStudioProjects\ale-nini\AmorDePelis\app\src\debug\java', not found
file or directory 'C:\Users\aleja\AndroidStudioProjects\ale-nini\AmorDePelis\app\src\debug\kotlin', not found
Kotlin source files: C:\Users\aleja\AndroidStudioProjects\ale-nini\AmorDePelis\app\src\main\java\com\alejandra\amordepelis\AmorDePelisApplication.kt, C:\Users\aleja\AndroidStudioProjects\ale-nini\AmorDePelis\app\src\main\java\com\alejandra\amordepelis\core\database\AppDatabase.kt, C:\Users\aleja\AndroidStudioProjects\ale-nini\AmorDePelis\app\src\main\java\com\alejandra\amordepelis\core\database\dao\ListDao.kt, C:\Users\aleja\AndroidStudioProjects\ale-nini\AmorDePelis\app\src\main\java\com\alejandra\amordepelis\core\database\dao\ListMovieDao.kt, C:\Users\aleja\AndroidStudioProjects\ale-nini\AmorDePelis\app\src\main\java\com\alejandra\amordepelis\core\database\dao\MovieDao.kt, C:\Users\aleja\AndroidStudioProjects\ale-nini\AmorDePelis\app\src\main\java\com\alejandra\amordepelis\core\database\dao\ProductDao.kt, C:\Users\aleja\AndroidStudioProjects\ale-nini\AmorDePelis\app\src\main\java\com\alejandra\amordepelis\core\database\dao\UserDao.kt, C:\Users\aleja\AndroidStudioProjects\ale-nini\AmorDePelis\app\src\main\java\com\alejandra\amordepelis\core\database\entities\ListEntity.kt, C:\Users\aleja\AndroidStudioProjects\ale-nini\AmorDePelis\app\src\main\java\com\alejandra\amordepelis\core\database\entities\ListMovieEntity.kt, C:\Users\aleja\AndroidStudioProjects\ale-nini\AmorDePelis\app\src\main\java\com\alejandra\amordepelis\core\database\entities\MovieEntity.kt, C:\Users\aleja\AndroidStudioProjects\ale-nini\AmorDePelis\app\src\main\java\com\alejandra\amordepelis\core\database\entities\ProductEntity.kt, C:\Users\aleja\AndroidStudioProjects\ale-nini\AmorDePelis\app\src\main\java\com\alejandra\amordepelis\core\database\entities\UserEntity.kt, C:\Users\aleja\AndroidStudioProjects\ale-nini\AmorDePelis\app\src\main\java\com\alejandra\amordepelis\core\di\DatabaseModule.kt, C:\Users\aleja\AndroidStudioProjects\ale-nini\AmorDePelis\app\src\main\java\com\alejandra\amordepelis\core\di\HardwareModule.kt, C:\Users\aleja\AndroidStudioProjects\ale-nini\AmorDePelis\app\src\main\java\com\alejandra\amordepelis\core\di\NavigationModule.kt, C:\Users\aleja\AndroidStudioProjects\ale-nini\AmorDePelis\app\src\main\java\com\alejandra\amordepelis\core\di\NetworkModule.kt, C:\Users\aleja\AndroidStudioProjects\ale-nini\AmorDePelis\app\src\main\java\com\alejandra\amordepelis\core\di\Qualifiers.kt, C:\Users\aleja\AndroidStudioProjects\ale-nini\AmorDePelis\app\src\main\java\com\alejandra\amordepelis\core\hardware\data\AndroidAccelerometerManager.kt, C:\Users\aleja\AndroidStudioProjects\ale-nini\AmorDePelis\app\src\main\java\com\alejandra\amordepelis\core\hardware\data\AndroidAppVibrator.kt, C:\Users\aleja\AndroidStudioProjects\ale-nini\AmorDePelis\app\src\main\java\com\alejandra\amordepelis\core\hardware\data\AndroidCameraManager.kt, C:\Users\aleja\AndroidStudioProjects\ale-nini\AmorDePelis\app\src\main\java\com\alejandra\amordepelis\core\hardware\data\AndroidHapticFeedbackManager.kt, C:\Users\aleja\AndroidStudioProjects\ale-nini\AmorDePelis\app\src\main\java\com\alejandra\amordepelis\core\hardware\domain\AccelerometerManager.kt, C:\Users\aleja\AndroidStudioProjects\ale-nini\AmorDePelis\app\src\main\java\com\alejandra\amordepelis\core\hardware\domain\AppVibrator.kt, C:\Users\aleja\AndroidStudioProjects\ale-nini\AmorDePelis\app\src\main\java\com\alejandra\amordepelis\core\hardware\domain\CameraManager.kt, C:\Users\aleja\AndroidStudioProjects\ale-nini\AmorDePelis\app\src\main\java\com\alejandra\amordepelis\core\hardware\domain\HapticFeedbackManager.kt, C:\Users\aleja\AndroidStudioProjects\ale-nini\AmorDePelis\app\src\main\java\com\alejandra\amordepelis\core\hardware\domain\usecases\CameraUseCases.kt, C:\Users\aleja\AndroidStudioProjects\ale-nini\AmorDePelis\app\src\main\java\com\alejandra\amordepelis\core\hardware\domain\usecases\CheckCameraPermissionUseCase.kt, C:\Users\aleja\AndroidStudioProjects\ale-nini\AmorDePelis\app\src\main\java\com\alejandra\amordepelis\core\hardware\domain\usecases\CreateCameraUriUseCase.kt, C:\Users\aleja\AndroidStudioProjects\ale-nini\AmorDePelis\app\src\main\java\com\alejandra\amordepelis\core\hardware\ui\AccelerometerComposables.kt, C:\Users\aleja\AndroidStudioProjects\ale-nini\AmorDePelis\app\src\main\java\com\alejandra\amordepelis\core\hardware\ui\PhotoPreviewComposables.kt, C:\Users\aleja\AndroidStudioProjects\ale-nini\AmorDePelis\app\src\main\java\com\alejandra\amordepelis\core\hardware\ui\PhotoSelectionComposables.kt, C:\Users\aleja\AndroidStudioProjects\ale-nini\AmorDePelis\app\src\main\java\com\alejandra\amordepelis\core\hardware\ui\ShakeDetector.kt, C:\Users\aleja\AndroidStudioProjects\ale-nini\AmorDePelis\app\src\main\java\com\alejandra\amordepelis\core\navigation\BottomNavItem.kt, C:\Users\aleja\AndroidStudioProjects\ale-nini\AmorDePelis\app\src\main\java\com\alejandra\amordepelis\core\navigation\FeatureNavGraph.kt, C:\Users\aleja\AndroidStudioProjects\ale-nini\AmorDePelis\app\src\main\java\com\alejandra\amordepelis\core\navigation\NavigationWrapper.kt, C:\Users\aleja\AndroidStudioProjects\ale-nini\AmorDePelis\app\src\main\java\com\alejandra\amordepelis\core\navigation\Screens.kt, C:\Users\aleja\AndroidStudioProjects\ale-nini\AmorDePelis\app\src\main\java\com\alejandra\amordepelis\core\network\connectivity\ConnectivityManager.kt, C:\Users\aleja\AndroidStudioProjects\ale-nini\AmorDePelis\app\src\main\java\com\alejandra\amordepelis\core\network\di\NetworkModule.kt, C:\Users\aleja\AndroidStudioProjects\ale-nini\AmorDePelis\app\src\main\java\com\alejandra\amordepelis\core\network\inteceptor\AuthInterceptor.kt, C:\Users\aleja\AndroidStudioProjects\ale-nini\AmorDePelis\app\src\main\java\com\alejandra\amordepelis\core\storage\SessionManager.kt, C:\Users\aleja\AndroidStudioProjects\ale-nini\AmorDePelis\app\src\main\java\com\alejandra\amordepelis\core\storage\TokenDataStore.kt, C:\Users\aleja\AndroidStudioProjects\ale-nini\AmorDePelis\app\src\main\java\com\alejandra\amordepelis\core\storage\TokenProvider.kt, C:\Users\aleja\AndroidStudioProjects\ale-nini\AmorDePelis\app\src\main\java\com\alejandra\amordepelis\core\storage\UserRole.kt, C:\Users\aleja\AndroidStudioProjects\ale-nini\AmorDePelis\app\src\main\java\com\alejandra\amordepelis\core\ui\components\AppBottomNavigationBar.kt, C:\Users\aleja\AndroidStudioProjects\ale-nini\AmorDePelis\app\src\main\java\com\alejandra\amordepelis\core\ui\theme\Color.kt, C:\Users\aleja\AndroidStudioProjects\ale-nini\AmorDePelis\app\src\main\java\com\alejandra\amordepelis\core\ui\theme\Theme.kt, C:\Users\aleja\AndroidStudioProjects\ale-nini\AmorDePelis\app\src\main\java\com\alejandra\amordepelis\core\ui\theme\Type.kt, C:\Users\aleja\AndroidStudioProjects\ale-nini\AmorDePelis\app\src\main\java\com\alejandra\amordepelis\features\auth\data\datasources\remote\api\AuthApi.kt, C:\Users\aleja\AndroidStudioProjects\ale-nini\AmorDePelis\app\src\main\java\com\alejandra\amordepelis\features\auth\data\datasources\remote\mapper\LoginResponseMapper.kt, C:\Users\aleja\AndroidStudioProjects\ale-nini\AmorDePelis\app\src\main\java\com\alejandra\amordepelis\features\auth\data\datasources\remote\mapper\RegisterResponseMapper.kt, C:\Users\aleja\AndroidStudioProjects\ale-nini\AmorDePelis\app\src\main\java\com\alejandra\amordepelis\features\auth\data\datasources\remote\model\LoginRequest.kt, C:\Users\aleja\AndroidStudioProjects\ale-nini\AmorDePelis\app\src\main\java\com\alejandra\amordepelis\features\auth\data\datasources\remote\model\LoginResponseDto.kt, C:\Users\aleja\AndroidStudioProjects\ale-nini\AmorDePelis\app\src\main\java\com\alejandra\amordepelis\features\auth\data\datasources\remote\model\RegisterRequest.kt, C:\Users\aleja\AndroidStudioProjects\ale-nini\AmorDePelis\app\src\main\java\com\alejandra\amordepelis\features\auth\data\datasources\remote\model\RegisterResponseDto.kt, C:\Users\aleja\AndroidStudioProjects\ale-nini\AmorDePelis\app\src\main\java\com\alejandra\amordepelis\features\auth\data\datasources\remote\model\User.kt, C:\Users\aleja\AndroidStudioProjects\ale-nini\AmorDePelis\app\src\main\java\com\alejandra\amordepelis\features\auth\data\repositories\AuthRepositoryImpl.kt, C:\Users\aleja\AndroidStudioProjects\ale-nini\AmorDePelis\app\src\main\java\com\alejandra\amordepelis\features\auth\di\AuthNetworkModule.kt, C:\Users\aleja\AndroidStudioProjects\ale-nini\AmorDePelis\app\src\main\java\com\alejandra\amordepelis\features\auth\di\AuthRepositoryModule.kt, C:\Users\aleja\AndroidStudioProjects\ale-nini\AmorDePelis\app\src\main\java\com\alejandra\amordepelis\features\auth\di\AuthUseCaseModule.kt, C:\Users\aleja\AndroidStudioProjects\ale-nini\AmorDePelis\app\src\main\java\com\alejandra\amordepelis\features\auth\domain\entities\LoginResponse.kt, C:\Users\aleja\AndroidStudioProjects\ale-nini\AmorDePelis\app\src\main\java\com\alejandra\amordepelis\features\auth\domain\entities\RegisterResponse.kt, C:\Users\aleja\AndroidStudioProjects\ale-nini\AmorDePelis\app\src\main\java\com\alejandra\amordepelis\features\auth\domain\repositories\AuthRepository.kt, C:\Users\aleja\AndroidStudioProjects\ale-nini\AmorDePelis\app\src\main\java\com\alejandra\amordepelis\features\auth\domain\usecases\AuthUseCases.kt, C:\Users\aleja\AndroidStudioProjects\ale-nini\AmorDePelis\app\src\main\java\com\alejandra\amordepelis\features\auth\domain\usecases\CreateAutoRoomUseCase.kt, C:\Users\aleja\AndroidStudioProjects\ale-nini\AmorDePelis\app\src\main\java\com\alejandra\amordepelis\features\auth\domain\usecases\LoginUseCase.kt, C:\Users\aleja\AndroidStudioProjects\ale-nini\AmorDePelis\app\src\main\java\com\alejandra\amordepelis\features\auth\domain\usecases\RegisterUseCase.kt, C:\Users\aleja\AndroidStudioProjects\ale-nini\AmorDePelis\app\src\main\java\com\alejandra\amordepelis\features\auth\domain\usecases\SaveTokenUseCase.kt, C:\Users\aleja\AndroidStudioProjects\ale-nini\AmorDePelis\app\src\main\java\com\alejandra\amordepelis\features\auth\navigation\AuthNavGraph.kt, C:\Users\aleja\AndroidStudioProjects\ale-nini\AmorDePelis\app\src\main\java\com\alejandra\amordepelis\features\auth\presentation\components\AuthButton.kt, C:\Users\aleja\AndroidStudioProjects\ale-nini\AmorDePelis\app\src\main\java\com\alejandra\amordepelis\features\auth\presentation\components\AuthDivider.kt, C:\Users\aleja\AndroidStudioProjects\ale-nini\AmorDePelis\app\src\main\java\com\alejandra\amordepelis\features\auth\presentation\components\AuthErrorText.kt, C:\Users\aleja\AndroidStudioProjects\ale-nini\AmorDePelis\app\src\main\java\com\alejandra\amordepelis\features\auth\presentation\components\AuthFooterLink.kt, C:\Users\aleja\AndroidStudioProjects\ale-nini\AmorDePelis\app\src\main\java\com\alejandra\amordepelis\features\auth\presentation\components\AuthHeader.kt, C:\Users\aleja\AndroidStudioProjects\ale-nini\AmorDePelis\app\src\main\java\com\alejandra\amordepelis\features\auth\presentation\components\AuthPasswordField.kt, C:\Users\aleja\AndroidStudioProjects\ale-nini\AmorDePelis\app\src\main\java\com\alejandra\amordepelis\features\auth\presentation\components\AuthTextButton.kt, C:\Users\aleja\AndroidStudioProjects\ale-nini\AmorDePelis\app\src\main\java\com\alejandra\amordepelis\features\auth\presentation\components\AuthTextField.kt, C:\Users\aleja\AndroidStudioProjects\ale-nini\AmorDePelis\app\src\main\java\com\alejandra\amordepelis\features\auth\presentation\components\RememberMeRow.kt, C:\Users\aleja\AndroidStudioProjects\ale-nini\AmorDePelis\app\src\main\java\com\alejandra\amordepelis\features\auth\presentation\components\SocialAuthButton.kt, C:\Users\aleja\AndroidStudioProjects\ale-nini\AmorDePelis\app\src\main\java\com\alejandra\amordepelis\features\auth\presentation\components\SocialAuthIconButton.kt, C:\Users\aleja\AndroidStudioProjects\ale-nini\AmorDePelis\app\src\main\java\com\alejandra\amordepelis\features\auth\presentation\screens\AuthUiState.kt, C:\Users\aleja\AndroidStudioProjects\ale-nini\AmorDePelis\app\src\main\java\com\alejandra\amordepelis\features\auth\presentation\screens\LoginScreen.kt, C:\Users\aleja\AndroidStudioProjects\ale-nini\AmorDePelis\app\src\main\java\com\alejandra\amordepelis\features\auth\presentation\screens\RegisterScreen.kt, C:\Users\aleja\AndroidStudioProjects\ale-nini\AmorDePelis\app\src\main\java\com\alejandra\amordepelis\features\auth\presentation\viewmodels\AuthViewModel.kt, C:\Users\aleja\AndroidStudioProjects\ale-nini\AmorDePelis\app\src\main\java\com\alejandra\amordepelis\features\home\data\datasources\local\LocalMovieDataSource.kt, C:\Users\aleja\AndroidStudioProjects\ale-nini\AmorDePelis\app\src\main\java\com\alejandra\amordepelis\features\home\data\datasources\local\mapper\MovieDtoToDatabaseMapper.kt, C:\Users\aleja\AndroidStudioProjects\ale-nini\AmorDePelis\app\src\main\java\com\alejandra\amordepelis\features\home\data\datasources\local\mapper\MovieEntityMapper.kt, C:\Users\aleja\AndroidStudioProjects\ale-nini\AmorDePelis\app\src\main\java\com\alejandra\amordepelis\features\home\data\datasources\remote\api\HomeApi.kt, C:\Users\aleja\AndroidStudioProjects\ale-nini\AmorDePelis\app\src\main\java\com\alejandra\amordepelis\features\home\data\datasources\remote\mapper\MetricsMapper.kt, C:\Users\aleja\AndroidStudioProjects\ale-nini\AmorDePelis\app\src\main\java\com\alejandra\amordepelis\features\home\data\datasources\remote\model\AnnouncmentDto.kt, C:\Users\aleja\AndroidStudioProjects\ale-nini\AmorDePelis\app\src\main\java\com\alejandra\amordepelis\features\home\data\datasources\remote\model\MetricsDto.kt, C:\Users\aleja\AndroidStudioProjects\ale-nini\AmorDePelis\app\src\main\java\com\alejandra\amordepelis\features\home\data\datasources\remote\model\MoviesDto.kt, C:\Users\aleja\AndroidStudioProjects\ale-nini\AmorDePelis\app\src\main\java\com\alejandra\amordepelis\features\home\data\datasources\remote\model\NewsDto.kt, C:\Users\aleja\AndroidStudioProjects\ale-nini\AmorDePelis\app\src\main\java\com\alejandra\amordepelis\features\home\data\datasources\remote\RemoteMovieDataSource.kt, C:\Users\aleja\AndroidStudioProjects\ale-nini\AmorDePelis\app\src\main\java\com\alejandra\amordepelis\features\home\data\repositories\HomeRepositoryImpl.kt, C:\Users\aleja\AndroidStudioProjects\ale-nini\AmorDePelis\app\src\main\java\com\alejandra\amordepelis\features\home\di\HomeNetworkModule.kt, C:\Users\aleja\AndroidStudioProjects\ale-nini\AmorDePelis\app\src\main\java\com\alejandra\amordepelis\features\home\di\HomeRepositoryModule.kt, C:\Users\aleja\AndroidStudioProjects\ale-nini\AmorDePelis\app\src\main\java\com\alejandra\amordepelis\features\home\di\HomeUseCaseModule.kt, C:\Users\aleja\AndroidStudioProjects\ale-nini\AmorDePelis\app\src\main\java\com\alejandra\amordepelis\features\home\domain\entities\Announcement.kt, C:\Users\aleja\AndroidStudioProjects\ale-nini\AmorDePelis\app\src\main\java\com\alejandra\amordepelis\features\home\domain\entities\Metrics.kt, C:\Users\aleja\AndroidStudioProjects\ale-nini\AmorDePelis\app\src\main\java\com\alejandra\amordepelis\features\home\domain\entities\Movie.kt, C:\Users\aleja\AndroidStudioProjects\ale-nini\AmorDePelis\app\src\main\java\com\alejandra\amordepelis\features\home\domain\repositories\HomeRepository.kt, C:\Users\aleja\AndroidStudioProjects\ale-nini\AmorDePelis\app\src\main\java\com\alejandra\amordepelis\features\home\domain\usecases\CreateAnnouncementUseCase.kt, C:\Users\aleja\AndroidStudioProjects\ale-nini\AmorDePelis\app\src\main\java\com\alejandra\amordepelis\features\home\domain\usecases\GetAnnouncementsUseCase.kt, C:\Users\aleja\AndroidStudioProjects\ale-nini\AmorDePelis\app\src\main\java\com\alejandra\amordepelis\features\home\domain\usecases\GetLatestNewsUseCase.kt, C:\Users\aleja\AndroidStudioProjects\ale-nini\AmorDePelis\app\src\main\java\com\alejandra\amordepelis\features\home\domain\usecases\GetMetricsUseCase.kt, C:\Users\aleja\AndroidStudioProjects\ale-nini\AmorDePelis\app\src\main\java\com\alejandra\amordepelis\features\home\domain\usecases\GetRecentMoviesUseCase.kt, C:\Users\aleja\AndroidStudioProjects\ale-nini\AmorDePelis\app\src\main\java\com\alejandra\amordepelis\features\home\domain\usecases\HomeUseCases.kt, C:\Users\aleja\AndroidStudioProjects\ale-nini\AmorDePelis\app\src\main\java\com\alejandra\amordepelis\features\home\domain\usecases\SyncMoviesUseCase.kt, C:\Users\aleja\AndroidStudioProjects\ale-nini\AmorDePelis\app\src\main\java\com\alejandra\amordepelis\features\home\navigation\HomeNavGraph.kt, C:\Users\aleja\AndroidStudioProjects\ale-nini\AmorDePelis\app\src\main\java\com\alejandra\amordepelis\features\home\presentation\components\AuthButton.kt, C:\Users\aleja\AndroidStudioProjects\ale-nini\AmorDePelis\app\src\main\java\com\alejandra\amordepelis\features\home\presentation\components\AuthDivider.kt, C:\Users\aleja\AndroidStudioProjects\ale-nini\AmorDePelis\app\src\main\java\com\alejandra\amordepelis\features\home\presentation\components\AuthErrorText.kt, C:\Users\aleja\AndroidStudioProjects\ale-nini\AmorDePelis\app\src\main\java\com\alejandra\amordepelis\features\home\presentation\components\AuthFooterLink.kt, C:\Users\aleja\AndroidStudioProjects\ale-nini\AmorDePelis\app\src\main\java\com\alejandra\amordepelis\features\home\presentation\components\AuthHeader.kt, C:\Users\aleja\AndroidStudioProjects\ale-nini\AmorDePelis\app\src\main\java\com\alejandra\amordepelis\features\home\presentation\components\AuthPasswordField.kt, C:\Users\aleja\AndroidStudioProjects\ale-nini\AmorDePelis\app\src\main\java\com\alejandra\amordepelis\features\home\presentation\components\AuthTextButton.kt, C:\Users\aleja\AndroidStudioProjects\ale-nini\AmorDePelis\app\src\main\java\com\alejandra\amordepelis\features\home\presentation\components\AuthTextField.kt, C:\Users\aleja\AndroidStudioProjects\ale-nini\AmorDePelis\app\src\main\java\com\alejandra\amordepelis\features\home\presentation\components\RememberMeRow.kt, C:\Users\aleja\AndroidStudioProjects\ale-nini\AmorDePelis\app\src\main\java\com\alejandra\amordepelis\features\home\presentation\components\SocialAuthButton.kt, C:\Users\aleja\AndroidStudioProjects\ale-nini\AmorDePelis\app\src\main\java\com\alejandra\amordepelis\features\home\presentation\components\SocialAuthIconButton.kt, C:\Users\aleja\AndroidStudioProjects\ale-nini\AmorDePelis\app\src\main\java\com\alejandra\amordepelis\features\home\presentation\screens\AddAnnouncementScreen.kt, C:\Users\aleja\AndroidStudioProjects\ale-nini\AmorDePelis\app\src\main\java\com\alejandra\amordepelis\features\home\presentation\screens\HomeScreen.kt, C:\Users\aleja\AndroidStudioProjects\ale-nini\AmorDePelis\app\src\main\java\com\alejandra\amordepelis\features\home\presentation\screens\HomeUiState.kt, C:\Users\aleja\AndroidStudioProjects\ale-nini\AmorDePelis\app\src\main\java\com\alejandra\amordepelis\features\home\presentation\viewmodels\AddAnnouncementViewModel.kt, C:\Users\aleja\AndroidStudioProjects\ale-nini\AmorDePelis\app\src\main\java\com\alejandra\amordepelis\features\home\presentation\viewmodels\HomeViewModel.kt, C:\Users\aleja\AndroidStudioProjects\ale-nini\AmorDePelis\app\src\main\java\com\alejandra\amordepelis\features\lists\data\datasources\local\LocalListDataSource.kt, C:\Users\aleja\AndroidStudioProjects\ale-nini\AmorDePelis\app\src\main\java\com\alejandra\amordepelis\features\lists\data\datasources\local\mapper\ListDtoToDatabaseMapper.kt, C:\Users\aleja\AndroidStudioProjects\ale-nini\AmorDePelis\app\src\main\java\com\alejandra\amordepelis\features\lists\data\datasources\local\mapper\ListEntityMapper.kt, C:\Users\aleja\AndroidStudioProjects\ale-nini\AmorDePelis\app\src\main\java\com\alejandra\amordepelis\features\lists\data\datasources\remote\api\ListsApi.kt, C:\Users\aleja\AndroidStudioProjects\ale-nini\AmorDePelis\app\src\main\java\com\alejandra\amordepelis\features\lists\data\datasources\remote\mapper\SharedListMapper.kt, C:\Users\aleja\AndroidStudioProjects\ale-nini\AmorDePelis\app\src\main\java\com\alejandra\amordepelis\features\lists\data\datasources\remote\mapper\SharedListRequestMapper.kt, C:\Users\aleja\AndroidStudioProjects\ale-nini\AmorDePelis\app\src\main\java\com\alejandra\amordepelis\features\lists\data\datasources\remote\model\AnnouncementDto.kt, C:\Users\aleja\AndroidStudioProjects\ale-nini\AmorDePelis\app\src\main\java\com\alejandra\amordepelis\features\lists\data\datasources\remote\model\CreateListRequestDto.kt, C:\Users\aleja\AndroidStudioProjects\ale-nini\AmorDePelis\app\src\main\java\com\alejandra\amordepelis\features\lists\data\datasources\remote\model\CustomListResponseDto.kt, C:\Users\aleja\AndroidStudioProjects\ale-nini\AmorDePelis\app\src\main\java\com\alejandra\amordepelis\features\lists\data\datasources\remote\model\SharedListDetailsDto.kt, C:\Users\aleja\AndroidStudioProjects\ale-nini\AmorDePelis\app\src\main\java\com\alejandra\amordepelis\features\lists\data\datasources\remote\model\SharedListDto.kt, C:\Users\aleja\AndroidStudioProjects\ale-nini\AmorDePelis\app\src\main\java\com\alejandra\amordepelis\features\lists\data\datasources\remote\model\UpdateListRequestDto.kt, C:\Users\aleja\AndroidStudioProjects\ale-nini\AmorDePelis\app\src\main\java\com\alejandra\amordepelis\features\lists\data\datasources\remote\RemoteListDataSource.kt, C:\Users\aleja\AndroidStudioProjects\ale-nini\AmorDePelis\app\src\main\java\com\alejandra\amordepelis\features\lists\data\repositories\ListsRepositoryImpl.kt, C:\Users\aleja\AndroidStudioProjects\ale-nini\AmorDePelis\app\src\main\java\com\alejandra\amordepelis\features\lists\di\ListsNetworkModule.kt, C:\Users\aleja\AndroidStudioProjects\ale-nini\AmorDePelis\app\src\main\java\com\alejandra\amordepelis\features\lists\di\ListsRepositoryModule.kt, C:\Users\aleja\AndroidStudioProjects\ale-nini\AmorDePelis\app\src\main\java\com\alejandra\amordepelis\features\lists\di\ListsUseCaseModule.kt, C:\Users\aleja\AndroidStudioProjects\ale-nini\AmorDePelis\app\src\main\java\com\alejandra\amordepelis\features\lists\domain\entities\Announcement.kt, C:\Users\aleja\AndroidStudioProjects\ale-nini\AmorDePelis\app\src\main\java\com\alejandra\amordepelis\features\lists\domain\entities\CreateListParams.kt, C:\Users\aleja\AndroidStudioProjects\ale-nini\AmorDePelis\app\src\main\java\com\alejandra\amordepelis\features\lists\domain\entities\SharedList.kt, C:\Users\aleja\AndroidStudioProjects\ale-nini\AmorDePelis\app\src\main\java\com\alejandra\amordepelis\features\lists\domain\entities\SharedListDetails.kt, C:\Users\aleja\AndroidStudioProjects\ale-nini\AmorDePelis\app\src\main\java\com\alejandra\amordepelis\features\lists\domain\entities\UpdateListParams.kt, C:\Users\aleja\AndroidStudioProjects\ale-nini\AmorDePelis\app\src\main\java\com\alejandra\amordepelis\features\lists\domain\repositories\ListsRepository.kt, C:\Users\aleja\AndroidStudioProjects\ale-nini\AmorDePelis\app\src\main\java\com\alejandra\amordepelis\features\lists\domain\usecases\AddMovieToListUseCase.kt, C:\Users\aleja\AndroidStudioProjects\ale-nini\AmorDePelis\app\src\main\java\com\alejandra\amordepelis\features\lists\domain\usecases\CreateSharedListUseCase.kt, C:\Users\aleja\AndroidStudioProjects\ale-nini\AmorDePelis\app\src\main\java\com\alejandra\amordepelis\features\lists\domain\usecases\DeleteSharedListUseCase.kt, C:\Users\aleja\AndroidStudioProjects\ale-nini\AmorDePelis\app\src\main\java\com\alejandra\amordepelis\features\lists\domain\usecases\GetAnnouncementsUseCase.kt, C:\Users\aleja\AndroidStudioProjects\ale-nini\AmorDePelis\app\src\main\java\com\alejandra\amordepelis\features\lists\domain\usecases\GetListDetailsUseCase.kt, C:\Users\aleja\AndroidStudioProjects\ale-nini\AmorDePelis\app\src\main\java\com\alejandra\amordepelis\features\lists\domain\usecases\GetSharedListDetailsUseCase.kt, C:\Users\aleja\AndroidStudioProjects\ale-nini\AmorDePelis\app\src\main\java\com\alejandra\amordepelis\features\lists\domain\usecases\GetSharedListsUseCase.kt, C:\Users\aleja\AndroidStudioProjects\ale-nini\AmorDePelis\app\src\main\java\com\alejandra\amordepelis\features\lists\domain\usecases\ListsUseCases.kt, C:\Users\aleja\AndroidStudioProjects\ale-nini\AmorDePelis\app\src\main\java\com\alejandra\amordepelis\features\lists\domain\usecases\UpdateSharedListUseCase.kt, C:\Users\aleja\AndroidStudioProjects\ale-nini\AmorDePelis\app\src\main\java\com\alejandra\amordepelis\features\lists\navigation\ListsNavGraph.kt, C:\Users\aleja\AndroidStudioProjects\ale-nini\AmorDePelis\app\src\main\java\com\alejandra\amordepelis\features\lists\presentation\components\AddListFormCard.kt, C:\Users\aleja\AndroidStudioProjects\ale-nini\AmorDePelis\app\src\main\java\com\alejandra\amordepelis\features\lists\presentation\components\DeleteListDialog.kt, C:\Users\aleja\AndroidStudioProjects\ale-nini\AmorDePelis\app\src\main\java\com\alejandra\amordepelis\features\lists\presentation\components\EditListDialog.kt, C:\Users\aleja\AndroidStudioProjects\ale-nini\AmorDePelis\app\src\main\java\com\alejandra\amordepelis\features\lists\presentation\components\ListsHeader.kt, C:\Users\aleja\AndroidStudioProjects\ale-nini\AmorDePelis\app\src\main\java\com\alejandra\amordepelis\features\lists\presentation\components\SharedListCard.kt, C:\Users\aleja\AndroidStudioProjects\ale-nini\AmorDePelis\app\src\main\java\com\alejandra\amordepelis\features\lists\presentation\screens\AddListScreen.kt, C:\Users\aleja\AndroidStudioProjects\ale-nini\AmorDePelis\app\src\main\java\com\alejandra\amordepelis\features\lists\presentation\screens\ListDetailsScreen.kt, C:\Users\aleja\AndroidStudioProjects\ale-nini\AmorDePelis\app\src\main\java\com\alejandra\amordepelis\features\lists\presentation\screens\ListsScreen.kt, C:\Users\aleja\AndroidStudioProjects\ale-nini\AmorDePelis\app\src\main\java\com\alejandra\amordepelis\features\lists\presentation\screens\ListsUiState.kt, C:\Users\aleja\AndroidStudioProjects\ale-nini\AmorDePelis\app\src\main\java\com\alejandra\amordepelis\features\lists\presentation\viewmodels\ListsViewModel.kt, C:\Users\aleja\AndroidStudioProjects\ale-nini\AmorDePelis\app\src\main\java\com\alejandra\amordepelis\features\movies\data\datasources\local\LocalMovieDataSource.kt, C:\Users\aleja\AndroidStudioProjects\ale-nini\AmorDePelis\app\src\main\java\com\alejandra\amordepelis\features\movies\data\datasources\local\mapper\MovieDtoToDatabaseMapper.kt, C:\Users\aleja\AndroidStudioProjects\ale-nini\AmorDePelis\app\src\main\java\com\alejandra\amordepelis\features\movies\data\datasources\local\mapper\MovieEntityMapper.kt, C:\Users\aleja\AndroidStudioProjects\ale-nini\AmorDePelis\app\src\main\java\com\alejandra\amordepelis\features\movies\data\datasources\remote\api\MoviesApi.kt, C:\Users\aleja\AndroidStudioProjects\ale-nini\AmorDePelis\app\src\main\java\com\alejandra\amordepelis\features\movies\data\datasources\remote\mapper\AddMovieRequestMapper.kt, C:\Users\aleja\AndroidStudioProjects\ale-nini\AmorDePelis\app\src\main\java\com\alejandra\amordepelis\features\movies\data\datasources\remote\mapper\MovieFormDtoFactory.kt, C:\Users\aleja\AndroidStudioProjects\ale-nini\AmorDePelis\app\src\main\java\com\alejandra\amordepelis\features\movies\data\datasources\remote\mapper\MovieMapper.kt, C:\Users\aleja\AndroidStudioProjects\ale-nini\AmorDePelis\app\src\main\java\com\alejandra\amordepelis\features\movies\data\datasources\remote\model\AddMovieRequestDto.kt, C:\Users\aleja\AndroidStudioProjects\ale-nini\AmorDePelis\app\src\main\java\com\alejandra\amordepelis\features\movies\data\datasources\remote\model\MovieDto.kt, C:\Users\aleja\AndroidStudioProjects\ale-nini\AmorDePelis\app\src\main\java\com\alejandra\amordepelis\features\movies\data\datasources\remote\model\MovieFormDto.kt, C:\Users\aleja\AndroidStudioProjects\ale-nini\AmorDePelis\app\src\main\java\com\alejandra\amordepelis\features\movies\data\datasources\remote\RemoteMovieDataSource.kt, C:\Users\aleja\AndroidStudioProjects\ale-nini\AmorDePelis\app\src\main\java\com\alejandra\amordepelis\features\movies\data\repositories\MoviesRepositoryImpl.kt, C:\Users\aleja\AndroidStudioProjects\ale-nini\AmorDePelis\app\src\main\java\com\alejandra\amordepelis\features\movies\di\MoviesNetworkModule.kt, C:\Users\aleja\AndroidStudioProjects\ale-nini\AmorDePelis\app\src\main\java\com\alejandra\amordepelis\features\movies\di\MoviesRepositoryModule.kt, C:\Users\aleja\AndroidStudioProjects\ale-nini\AmorDePelis\app\src\main\java\com\alejandra\amordepelis\features\movies\di\MoviesUseCaseModule.kt, C:\Users\aleja\AndroidStudioProjects\ale-nini\AmorDePelis\app\src\main\java\com\alejandra\amordepelis\features\movies\domain\entities\AddMovieParams.kt, C:\Users\aleja\AndroidStudioProjects\ale-nini\AmorDePelis\app\src\main\java\com\alejandra\amordepelis\features\movies\domain\entities\Movie.kt, C:\Users\aleja\AndroidStudioProjects\ale-nini\AmorDePelis\app\src\main\java\com\alejandra\amordepelis\features\movies\domain\entities\MovieFormData.kt, C:\Users\aleja\AndroidStudioProjects\ale-nini\AmorDePelis\app\src\main\java\com\alejandra\amordepelis\features\movies\domain\repositories\MoviesRepository.kt, C:\Users\aleja\AndroidStudioProjects\ale-nini\AmorDePelis\app\src\main\java\com\alejandra\amordepelis\features\movies\domain\usecases\AddMovieUseCase.kt, C:\Users\aleja\AndroidStudioProjects\ale-nini\AmorDePelis\app\src\main\java\com\alejandra\amordepelis\features\movies\domain\usecases\CreateMovieWithImageUseCase.kt, C:\Users\aleja\AndroidStudioProjects\ale-nini\AmorDePelis\app\src\main\java\com\alejandra\amordepelis\features\movies\domain\usecases\GetMovieDetailsUseCase.kt, C:\Users\aleja\AndroidStudioProjects\ale-nini\AmorDePelis\app\src\main\java\com\alejandra\amordepelis\features\movies\domain\usecases\GetMoviesUseCase.kt, C:\Users\aleja\AndroidStudioProjects\ale-nini\AmorDePelis\app\src\main\java\com\alejandra\amordepelis\features\movies\domain\usecases\MoviesUseCases.kt, C:\Users\aleja\AndroidStudioProjects\ale-nini\AmorDePelis\app\src\main\java\com\alejandra\amordepelis\features\movies\domain\usecases\SearchMoviesUseCase.kt, C:\Users\aleja\AndroidStudioProjects\ale-nini\AmorDePelis\app\src\main\java\com\alejandra\amordepelis\features\movies\domain\usecases\SyncMoviesUseCase.kt, C:\Users\aleja\AndroidStudioProjects\ale-nini\AmorDePelis\app\src\main\java\com\alejandra\amordepelis\features\movies\domain\usecases\ValidateMovieFormUseCase.kt, C:\Users\aleja\AndroidStudioProjects\ale-nini\AmorDePelis\app\src\main\java\com\alejandra\amordepelis\features\movies\domain\validators\MovieFormValidator.kt, C:\Users\aleja\AndroidStudioProjects\ale-nini\AmorDePelis\app\src\main\java\com\alejandra\amordepelis\features\movies\navigation\MoviesNavGraph.kt, C:\Users\aleja\AndroidStudioProjects\ale-nini\AmorDePelis\app\src\main\java\com\alejandra\amordepelis\features\movies\presentation\components\AnnouncementCarousel.kt, C:\Users\aleja\AndroidStudioProjects\ale-nini\AmorDePelis\app\src\main\java\com\alejandra\amordepelis\features\movies\presentation\components\MovieFormCard.kt, C:\Users\aleja\AndroidStudioProjects\ale-nini\AmorDePelis\app\src\main\java\com\alejandra\amordepelis\features\movies\presentation\components\MovieListItemCard.kt, C:\Users\aleja\AndroidStudioProjects\ale-nini\AmorDePelis\app\src\main\java\com\alejandra\amordepelis\features\movies\presentation\components\MoviesTopHeader.kt, C:\Users\aleja\AndroidStudioProjects\ale-nini\AmorDePelis\app\src\main\java\com\alejandra\amordepelis\features\movies\presentation\composables\FormTextField.kt, C:\Users\aleja\AndroidStudioProjects\ale-nini\AmorDePelis\app\src\main\java\com\alejandra\amordepelis\features\movies\presentation\screens\AddMovieScreen.kt, C:\Users\aleja\AndroidStudioProjects\ale-nini\AmorDePelis\app\src\main\java\com\alejandra\amordepelis\features\movies\presentation\screens\MovieDetailScreen.kt, C:\Users\aleja\AndroidStudioProjects\ale-nini\AmorDePelis\app\src\main\java\com\alejandra\amordepelis\features\movies\presentation\screens\MoviesListScreen.kt, C:\Users\aleja\AndroidStudioProjects\ale-nini\AmorDePelis\app\src\main\java\com\alejandra\amordepelis\features\movies\presentation\screens\MoviesUiState.kt, C:\Users\aleja\AndroidStudioProjects\ale-nini\AmorDePelis\app\src\main\java\com\alejandra\amordepelis\features\movies\presentation\states\MovieDetailsUiState.kt, C:\Users\aleja\AndroidStudioProjects\ale-nini\AmorDePelis\app\src\main\java\com\alejandra\amordepelis\features\movies\presentation\viewmodels\AddMovieViewModel.kt, C:\Users\aleja\AndroidStudioProjects\ale-nini\AmorDePelis\app\src\main\java\com\alejandra\amordepelis\features\movies\presentation\viewmodels\MoviesViewModel.kt, C:\Users\aleja\AndroidStudioProjects\ale-nini\AmorDePelis\app\src\main\java\com\alejandra\amordepelis\features\user\data\datasources\local\LocalUserDataSource.kt, C:\Users\aleja\AndroidStudioProjects\ale-nini\AmorDePelis\app\src\main\java\com\alejandra\amordepelis\features\user\data\datasources\local\mapper\UserEntityMapper.kt, C:\Users\aleja\AndroidStudioProjects\ale-nini\AmorDePelis\app\src\main\java\com\alejandra\amordepelis\features\user\data\datasources\remote\api\UserApi.kt, C:\Users\aleja\AndroidStudioProjects\ale-nini\AmorDePelis\app\src\main\java\com\alejandra\amordepelis\features\user\data\datasources\remote\mapper\PartnerInvitationMapper.kt, C:\Users\aleja\AndroidStudioProjects\ale-nini\AmorDePelis\app\src\main\java\com\alejandra\amordepelis\features\user\data\datasources\remote\mapper\UserProfileMapper.kt, C:\Users\aleja\AndroidStudioProjects\ale-nini\AmorDePelis\app\src\main\java\com\alejandra\amordepelis\features\user\data\datasources\remote\mapper\UserSearchMapper.kt, C:\Users\aleja\AndroidStudioProjects\ale-nini\AmorDePelis\app\src\main\java\com\alejandra\amordepelis\features\user\data\datasources\remote\model\JoinRoomRequestDto.kt, C:\Users\aleja\AndroidStudioProjects\ale-nini\AmorDePelis\app\src\main\java\com\alejandra\amordepelis\features\user\data\datasources\remote\model\PartnerInvitationRequestDto.kt, C:\Users\aleja\AndroidStudioProjects\ale-nini\AmorDePelis\app\src\main\java\com\alejandra\amordepelis\features\user\data\datasources\remote\model\PartnerProfileDto.kt, C:\Users\aleja\AndroidStudioProjects\ale-nini\AmorDePelis\app\src\main\java\com\alejandra\amordepelis\features\user\data\datasources\remote\model\RoomResponseDto.kt, C:\Users\aleja\AndroidStudioProjects\ale-nini\AmorDePelis\app\src\main\java\com\alejandra\amordepelis\features\user\data\datasources\remote\model\UserProfileDto.kt, C:\Users\aleja\AndroidStudioProjects\ale-nini\AmorDePelis\app\src\main\java\com\alejandra\amordepelis\features\user\data\datasources\remote\model\UserSearchResultDto.kt, C:\Users\aleja\AndroidStudioProjects\ale-nini\AmorDePelis\app\src\main\java\com\alejandra\amordepelis\features\user\data\repositories\UserRepositoryImpl.kt, C:\Users\aleja\AndroidStudioProjects\ale-nini\AmorDePelis\app\src\main\java\com\alejandra\amordepelis\features\user\di\UserNetworkModule.kt, C:\Users\aleja\AndroidStudioProjects\ale-nini\AmorDePelis\app\src\main\java\com\alejandra\amordepelis\features\user\di\UserRepositoryModule.kt, C:\Users\aleja\AndroidStudioProjects\ale-nini\AmorDePelis\app\src\main\java\com\alejandra\amordepelis\features\user\di\UserUseCaseModule.kt, C:\Users\aleja\AndroidStudioProjects\ale-nini\AmorDePelis\app\src\main\java\com\alejandra\amordepelis\features\user\domain\entities\PartnerInvitation.kt, C:\Users\aleja\AndroidStudioProjects\ale-nini\AmorDePelis\app\src\main\java\com\alejandra\amordepelis\features\user\domain\entities\PartnerProfile.kt, C:\Users\aleja\AndroidStudioProjects\ale-nini\AmorDePelis\app\src\main\java\com\alejandra\amordepelis\features\user\domain\entities\UserProfile.kt, C:\Users\aleja\AndroidStudioProjects\ale-nini\AmorDePelis\app\src\main\java\com\alejandra\amordepelis\features\user\domain\entities\UserSearchResult.kt, C:\Users\aleja\AndroidStudioProjects\ale-nini\AmorDePelis\app\src\main\java\com\alejandra\amordepelis\features\user\domain\repositories\UserRepository.kt, C:\Users\aleja\AndroidStudioProjects\ale-nini\AmorDePelis\app\src\main\java\com\alejandra\amordepelis\features\user\domain\usecases\DeleteUserUseCase.kt, C:\Users\aleja\AndroidStudioProjects\ale-nini\AmorDePelis\app\src\main\java\com\alejandra\amordepelis\features\user\domain\usecases\GetUserProfileUseCase.kt, C:\Users\aleja\AndroidStudioProjects\ale-nini\AmorDePelis\app\src\main\java\com\alejandra\amordepelis\features\user\domain\usecases\JoinVirtualRoomUseCase.kt, C:\Users\aleja\AndroidStudioProjects\ale-nini\AmorDePelis\app\src\main\java\com\alejandra\amordepelis\features\user\domain\usecases\SearchUsersByUsernameUseCase.kt, C:\Users\aleja\AndroidStudioProjects\ale-nini\AmorDePelis\app\src\main\java\com\alejandra\amordepelis\features\user\domain\usecases\SendPartnerInvitationUseCase.kt, C:\Users\aleja\AndroidStudioProjects\ale-nini\AmorDePelis\app\src\main\java\com\alejandra\amordepelis\features\user\domain\usecases\UpdateUserProfileUseCase.kt, C:\Users\aleja\AndroidStudioProjects\ale-nini\AmorDePelis\app\src\main\java\com\alejandra\amordepelis\features\user\domain\usecases\UserUseCases.kt, C:\Users\aleja\AndroidStudioProjects\ale-nini\AmorDePelis\app\src\main\java\com\alejandra\amordepelis\features\user\navigation\UserNavGraph.kt, C:\Users\aleja\AndroidStudioProjects\ale-nini\AmorDePelis\app\src\main\java\com\alejandra\amordepelis\features\user\presentation\components\PartnerSearchCard.kt, C:\Users\aleja\AndroidStudioProjects\ale-nini\AmorDePelis\app\src\main\java\com\alejandra\amordepelis\features\user\presentation\components\PartnerSectionCard.kt, C:\Users\aleja\AndroidStudioProjects\ale-nini\AmorDePelis\app\src\main\java\com\alejandra\amordepelis\features\user\presentation\components\UserAnnouncementCarousel.kt, C:\Users\aleja\AndroidStudioProjects\ale-nini\AmorDePelis\app\src\main\java\com\alejandra\amordepelis\features\user\presentation\components\UserHeader.kt, C:\Users\aleja\AndroidStudioProjects\ale-nini\AmorDePelis\app\src\main\java\com\alejandra\amordepelis\features\user\presentation\components\UserInfoCard.kt, C:\Users\aleja\AndroidStudioProjects\ale-nini\AmorDePelis\app\src\main\java\com\alejandra\amordepelis\features\user\presentation\screens\UserProfileScreen.kt, C:\Users\aleja\AndroidStudioProjects\ale-nini\AmorDePelis\app\src\main\java\com\alejandra\amordepelis\features\user\presentation\screens\UserUiState.kt, C:\Users\aleja\AndroidStudioProjects\ale-nini\AmorDePelis\app\src\main\java\com\alejandra\amordepelis\features\user\presentation\viewmodels\UserViewModel.kt, C:\Users\aleja\AndroidStudioProjects\ale-nini\AmorDePelis\app\src\main\java\com\alejandra\amordepelis\MainActivity.kt, C:\Users\aleja\AndroidStudioProjects\ale-nini\AmorDePelis\app\build\generated\ksp\debug\kotlin\com\alejandra\amordepelis\core\database\AppDatabase_Impl.kt, C:\Users\aleja\AndroidStudioProjects\ale-nini\AmorDePelis\app\build\generated\ksp\debug\kotlin\com\alejandra\amordepelis\core\database\dao\ListDao_Impl.kt, C:\Users\aleja\AndroidStudioProjects\ale-nini\AmorDePelis\app\build\generated\ksp\debug\kotlin\com\alejandra\amordepelis\core\database\dao\ListMovieDao_Impl.kt, C:\Users\aleja\AndroidStudioProjects\ale-nini\AmorDePelis\app\build\generated\ksp\debug\kotlin\com\alejandra\amordepelis\core\database\dao\MovieDao_Impl.kt, C:\Users\aleja\AndroidStudioProjects\ale-nini\AmorDePelis\app\build\generated\ksp\debug\kotlin\com\alejandra\amordepelis\core\database\dao\ProductDao_Impl.kt, C:\Users\aleja\AndroidStudioProjects\ale-nini\AmorDePelis\app\build\generated\ksp\debug\kotlin\com\alejandra\amordepelis\core\database\dao\UserDao_Impl.kt
Java source files: C:\Users\aleja\AndroidStudioProjects\ale-nini\AmorDePelis\app\build\generated\ksp\debug\java\com\alejandra\amordepelis\AmorDePelisApplication_GeneratedInjector.java, C:\Users\aleja\AndroidStudioProjects\ale-nini\AmorDePelis\app\build\generated\ksp\debug\java\com\alejandra\amordepelis\core\di\DatabaseModule_ProvideDatabaseFactory.java, C:\Users\aleja\AndroidStudioProjects\ale-nini\AmorDePelis\app\build\generated\ksp\debug\java\com\alejandra\amordepelis\core\di\DatabaseModule_ProvideListDaoFactory.java, C:\Users\aleja\AndroidStudioProjects\ale-nini\AmorDePelis\app\build\generated\ksp\debug\java\com\alejandra\amordepelis\core\di\DatabaseModule_ProvideListMovieDaoFactory.java, C:\Users\aleja\AndroidStudioProjects\ale-nini\AmorDePelis\app\build\generated\ksp\debug\java\com\alejandra\amordepelis\core\di\DatabaseModule_ProvideMovieDaoFactory.java, C:\Users\aleja\AndroidStudioProjects\ale-nini\AmorDePelis\app\build\generated\ksp\debug\java\com\alejandra\amordepelis\core\di\DatabaseModule_ProvideProductDaoFactory.java, C:\Users\aleja\AndroidStudioProjects\ale-nini\AmorDePelis\app\build\generated\ksp\debug\java\com\alejandra\amordepelis\core\di\DatabaseModule_ProvideUserDaoFactory.java, C:\Users\aleja\AndroidStudioProjects\ale-nini\AmorDePelis\app\build\generated\ksp\debug\java\com\alejandra\amordepelis\core\di\HardwareModule_Companion_ProvideCameraUseCasesFactory.java, C:\Users\aleja\AndroidStudioProjects\ale-nini\AmorDePelis\app\build\generated\ksp\debug\java\com\alejandra\amordepelis\core\di\NetworkModule_ProvideBaseUrlFactory.java, C:\Users\aleja\AndroidStudioProjects\ale-nini\AmorDePelis\app\build\generated\ksp\debug\java\com\alejandra\amordepelis\core\di\NetworkModule_ProvideGsonFactory.java, C:\Users\aleja\AndroidStudioProjects\ale-nini\AmorDePelis\app\build\generated\ksp\debug\java\com\alejandra\amordepelis\core\di\NetworkModule_ProvideOkHttpClientFactory.java, C:\Users\aleja\AndroidStudioProjects\ale-nini\AmorDePelis\app\build\generated\ksp\debug\java\com\alejandra\amordepelis\core\di\NetworkModule_ProvideRetrofitFactory.java, C:\Users\aleja\AndroidStudioProjects\ale-nini\AmorDePelis\app\build\generated\ksp\debug\java\com\alejandra\amordepelis\core\hardware\data\AndroidAccelerometerManager_Factory.java, C:\Users\aleja\AndroidStudioProjects\ale-nini\AmorDePelis\app\build\generated\ksp\debug\java\com\alejandra\amordepelis\core\hardware\data\AndroidAppVibrator_Factory.java, C:\Users\aleja\AndroidStudioProjects\ale-nini\AmorDePelis\app\build\generated\ksp\debug\java\com\alejandra\amordepelis\core\hardware\data\AndroidCameraManager_Factory.java, C:\Users\aleja\AndroidStudioProjects\ale-nini\AmorDePelis\app\build\generated\ksp\debug\java\com\alejandra\amordepelis\core\hardware\data\AndroidHapticFeedbackManager_Factory.java, C:\Users\aleja\AndroidStudioProjects\ale-nini\AmorDePelis\app\build\generated\ksp\debug\java\com\alejandra\amordepelis\core\hardware\domain\usecases\CheckCameraPermissionUseCase_Factory.java, C:\Users\aleja\AndroidStudioProjects\ale-nini\AmorDePelis\app\build\generated\ksp\debug\java\com\alejandra\amordepelis\core\hardware\domain\usecases\CreateCameraUriUseCase_Factory.java, C:\Users\aleja\AndroidStudioProjects\ale-nini\AmorDePelis\app\build\generated\ksp\debug\java\com\alejandra\amordepelis\core\network\connectivity\ConnectivityManager_Factory.java, C:\Users\aleja\AndroidStudioProjects\ale-nini\AmorDePelis\app\build\generated\ksp\debug\java\com\alejandra\amordepelis\core\network\di\NetworkModule_ProvideConnectivityManagerFactory.java, C:\Users\aleja\AndroidStudioProjects\ale-nini\AmorDePelis\app\build\generated\ksp\debug\java\com\alejandra\amordepelis\core\network\inteceptor\AuthInterceptor_Factory.java, C:\Users\aleja\AndroidStudioProjects\ale-nini\AmorDePelis\app\build\generated\ksp\debug\java\com\alejandra\amordepelis\core\storage\SessionManager_Factory.java, C:\Users\aleja\AndroidStudioProjects\ale-nini\AmorDePelis\app\build\generated\ksp\debug\java\com\alejandra\amordepelis\core\storage\TokenDataStore_Factory.java, C:\Users\aleja\AndroidStudioProjects\ale-nini\AmorDePelis\app\build\generated\ksp\debug\java\com\alejandra\amordepelis\core\storage\TokenProvider_Factory.java, C:\Users\aleja\AndroidStudioProjects\ale-nini\AmorDePelis\app\build\generated\ksp\debug\java\com\alejandra\amordepelis\features\auth\data\repositories\AuthRepositoryImpl_Factory.java, C:\Users\aleja\AndroidStudioProjects\ale-nini\AmorDePelis\app\build\generated\ksp\debug\java\com\alejandra\amordepelis\features\auth\di\AuthNetworkModule_ProvideAuthApiFactory.java, C:\Users\aleja\AndroidStudioProjects\ale-nini\AmorDePelis\app\build\generated\ksp\debug\java\com\alejandra\amordepelis\features\auth\di\AuthUseCaseModule_ProvideAuthUseCasesFactory.java, C:\Users\aleja\AndroidStudioProjects\ale-nini\AmorDePelis\app\build\generated\ksp\debug\java\com\alejandra\amordepelis\features\auth\di\AuthUseCaseModule_ProvideCreateAutoRoomUseCaseFactory.java, C:\Users\aleja\AndroidStudioProjects\ale-nini\AmorDePelis\app\build\generated\ksp\debug\java\com\alejandra\amordepelis\features\auth\di\AuthUseCaseModule_ProvideLoginUseCaseFactory.java, C:\Users\aleja\AndroidStudioProjects\ale-nini\AmorDePelis\app\build\generated\ksp\debug\java\com\alejandra\amordepelis\features\auth\di\AuthUseCaseModule_ProvideRegisterUseCaseFactory.java, C:\Users\aleja\AndroidStudioProjects\ale-nini\AmorDePelis\app\build\generated\ksp\debug\java\com\alejandra\amordepelis\features\auth\di\AuthUseCaseModule_ProvideSaveTokenUseCaseFactory.java, C:\Users\aleja\AndroidStudioProjects\ale-nini\AmorDePelis\app\build\generated\ksp\debug\java\com\alejandra\amordepelis\features\auth\domain\usecases\CreateAutoRoomUseCase_Factory.java, C:\Users\aleja\AndroidStudioProjects\ale-nini\AmorDePelis\app\build\generated\ksp\debug\java\com\alejandra\amordepelis\features\auth\domain\usecases\LoginUseCase_Factory.java, C:\Users\aleja\AndroidStudioProjects\ale-nini\AmorDePelis\app\build\generated\ksp\debug\java\com\alejandra\amordepelis\features\auth\domain\usecases\RegisterUseCase_Factory.java, C:\Users\aleja\AndroidStudioProjects\ale-nini\AmorDePelis\app\build\generated\ksp\debug\java\com\alejandra\amordepelis\features\auth\domain\usecases\SaveTokenUseCase_Factory.java, C:\Users\aleja\AndroidStudioProjects\ale-nini\AmorDePelis\app\build\generated\ksp\debug\java\com\alejandra\amordepelis\features\auth\navigation\AuthNavGraph_Factory.java, C:\Users\aleja\AndroidStudioProjects\ale-nini\AmorDePelis\app\build\generated\ksp\debug\java\com\alejandra\amordepelis\features\auth\presentation\viewmodels\AuthViewModel_Factory.java, C:\Users\aleja\AndroidStudioProjects\ale-nini\AmorDePelis\app\build\generated\ksp\debug\java\com\alejandra\amordepelis\features\auth\presentation\viewmodels\AuthViewModel_HiltModules.java, C:\Users\aleja\AndroidStudioProjects\ale-nini\AmorDePelis\app\build\generated\ksp\debug\java\com\alejandra\amordepelis\features\auth\presentation\viewmodels\AuthViewModel_HiltModules_BindsModule_Binds_LazyMapKey.java, C:\Users\aleja\AndroidStudioProjects\ale-nini\AmorDePelis\app\build\generated\ksp\debug\java\com\alejandra\amordepelis\features\auth\presentation\viewmodels\AuthViewModel_HiltModules_KeyModule_ProvideFactory.java, C:\Users\aleja\AndroidStudioProjects\ale-nini\AmorDePelis\app\build\generated\ksp\debug\java\com\alejandra\amordepelis\features\auth\presentation\viewmodels\AuthViewModel_HiltModules_KeyModule_Provide_LazyMapKey.java, C:\Users\aleja\AndroidStudioProjects\ale-nini\AmorDePelis\app\build\generated\ksp\debug\java\com\alejandra\amordepelis\features\home\data\datasources\local\LocalMovieDataSource_Factory.java, C:\Users\aleja\AndroidStudioProjects\ale-nini\AmorDePelis\app\build\generated\ksp\debug\java\com\alejandra\amordepelis\features\home\data\datasources\remote\RemoteMovieDataSource_Factory.java, C:\Users\aleja\AndroidStudioProjects\ale-nini\AmorDePelis\app\build\generated\ksp\debug\java\com\alejandra\amordepelis\features\home\data\repositories\HomeRepositoryImpl_Factory.java, C:\Users\aleja\AndroidStudioProjects\ale-nini\AmorDePelis\app\build\generated\ksp\debug\java\com\alejandra\amordepelis\features\home\di\HomeNetworkModule_ProvideHomeApiFactory.java, C:\Users\aleja\AndroidStudioProjects\ale-nini\AmorDePelis\app\build\generated\ksp\debug\java\com\alejandra\amordepelis\features\home\di\HomeUseCaseModule_ProvideCreateAnnouncementUseCaseFactory.java, C:\Users\aleja\AndroidStudioProjects\ale-nini\AmorDePelis\app\build\generated\ksp\debug\java\com\alejandra\amordepelis\features\home\di\HomeUseCaseModule_ProvideGetAllMoviesUseCaseFactory.java, C:\Users\aleja\AndroidStudioProjects\ale-nini\AmorDePelis\app\build\generated\ksp\debug\java\com\alejandra\amordepelis\features\home\di\HomeUseCaseModule_ProvideGetAllNewsUseCaseFactory.java, C:\Users\aleja\AndroidStudioProjects\ale-nini\AmorDePelis\app\build\generated\ksp\debug\java\com\alejandra\amordepelis\features\home\di\HomeUseCaseModule_ProvideGetLatestNewsUseCaseFactory.java, C:\Users\aleja\AndroidStudioProjects\ale-nini\AmorDePelis\app\build\generated\ksp\debug\java\com\alejandra\amordepelis\features\home\di\HomeUseCaseModule_ProvideHomeUseCasesFactory.java, C:\Users\aleja\AndroidStudioProjects\ale-nini\AmorDePelis\app\build\generated\ksp\debug\java\com\alejandra\amordepelis\features\home\di\HomeUseCaseModule_ProvideSyncMoviesUseCaseFactory.java, C:\Users\aleja\AndroidStudioProjects\ale-nini\AmorDePelis\app\build\generated\ksp\debug\java\com\alejandra\amordepelis\features\home\domain\usecases\CreateAnnouncementUseCase_Factory.java, C:\Users\aleja\AndroidStudioProjects\ale-nini\AmorDePelis\app\build\generated\ksp\debug\java\com\alejandra\amordepelis\features\home\domain\usecases\GetAllMoviesUseCase_Factory.java, C:\Users\aleja\AndroidStudioProjects\ale-nini\AmorDePelis\app\build\generated\ksp\debug\java\com\alejandra\amordepelis\features\home\domain\usecases\GetAllNewsUseCase_Factory.java, C:\Users\aleja\AndroidStudioProjects\ale-nini\AmorDePelis\app\build\generated\ksp\debug\java\com\alejandra\amordepelis\features\home\domain\usecases\GetLatestNewsUseCase_Factory.java, C:\Users\aleja\AndroidStudioProjects\ale-nini\AmorDePelis\app\build\generated\ksp\debug\java\com\alejandra\amordepelis\features\home\domain\usecases\HomeUseCases_Factory.java, C:\Users\aleja\AndroidStudioProjects\ale-nini\AmorDePelis\app\build\generated\ksp\debug\java\com\alejandra\amordepelis\features\home\domain\usecases\SyncMoviesUseCase_Factory.java, C:\Users\aleja\AndroidStudioProjects\ale-nini\AmorDePelis\app\build\generated\ksp\debug\java\com\alejandra\amordepelis\features\home\navigation\HomeNavGraph_Factory.java, C:\Users\aleja\AndroidStudioProjects\ale-nini\AmorDePelis\app\build\generated\ksp\debug\java\com\alejandra\amordepelis\features\home\presentation\viewmodels\AddAnnouncementViewModel_Factory.java, C:\Users\aleja\AndroidStudioProjects\ale-nini\AmorDePelis\app\build\generated\ksp\debug\java\com\alejandra\amordepelis\features\home\presentation\viewmodels\AddAnnouncementViewModel_HiltModules.java, C:\Users\aleja\AndroidStudioProjects\ale-nini\AmorDePelis\app\build\generated\ksp\debug\java\com\alejandra\amordepelis\features\home\presentation\viewmodels\AddAnnouncementViewModel_HiltModules_BindsModule_Binds_LazyMapKey.java, C:\Users\aleja\AndroidStudioProjects\ale-nini\AmorDePelis\app\build\generated\ksp\debug\java\com\alejandra\amordepelis\features\home\presentation\viewmodels\AddAnnouncementViewModel_HiltModules_KeyModule_ProvideFactory.java, C:\Users\aleja\AndroidStudioProjects\ale-nini\AmorDePelis\app\build\generated\ksp\debug\java\com\alejandra\amordepelis\features\home\presentation\viewmodels\AddAnnouncementViewModel_HiltModules_KeyModule_Provide_LazyMapKey.java, C:\Users\aleja\AndroidStudioProjects\ale-nini\AmorDePelis\app\build\generated\ksp\debug\java\com\alejandra\amordepelis\features\home\presentation\viewmodels\HomeViewModel_Factory.java, C:\Users\aleja\AndroidStudioProjects\ale-nini\AmorDePelis\app\build\generated\ksp\debug\java\com\alejandra\amordepelis\features\home\presentation\viewmodels\HomeViewModel_HiltModules.java, C:\Users\aleja\AndroidStudioProjects\ale-nini\AmorDePelis\app\build\generated\ksp\debug\java\com\alejandra\amordepelis\features\home\presentation\viewmodels\HomeViewModel_HiltModules_BindsModule_Binds_LazyMapKey.java, C:\Users\aleja\AndroidStudioProjects\ale-nini\AmorDePelis\app\build\generated\ksp\debug\java\com\alejandra\amordepelis\features\home\presentation\viewmodels\HomeViewModel_HiltModules_KeyModule_ProvideFactory.java, C:\Users\aleja\AndroidStudioProjects\ale-nini\AmorDePelis\app\build\generated\ksp\debug\java\com\alejandra\amordepelis\features\home\presentation\viewmodels\HomeViewModel_HiltModules_KeyModule_Provide_LazyMapKey.java, C:\Users\aleja\AndroidStudioProjects\ale-nini\AmorDePelis\app\build\generated\ksp\debug\java\com\alejandra\amordepelis\features\lists\data\datasources\local\LocalListDataSource_Factory.java, C:\Users\aleja\AndroidStudioProjects\ale-nini\AmorDePelis\app\build\generated\ksp\debug\java\com\alejandra\amordepelis\features\lists\data\datasources\remote\RemoteListDataSource_Factory.java, C:\Users\aleja\AndroidStudioProjects\ale-nini\AmorDePelis\app\build\generated\ksp\debug\java\com\alejandra\amordepelis\features\lists\data\repositories\ListsRepositoryImpl_Factory.java, C:\Users\aleja\AndroidStudioProjects\ale-nini\AmorDePelis\app\build\generated\ksp\debug\java\com\alejandra\amordepelis\features\lists\di\ListsNetworkModule_ProvideListsApiFactory.java, C:\Users\aleja\AndroidStudioProjects\ale-nini\AmorDePelis\app\build\generated\ksp\debug\java\com\alejandra\amordepelis\features\lists\di\ListsUseCaseModule_ProvideAddMovieToListUseCaseFactory.java, C:\Users\aleja\AndroidStudioProjects\ale-nini\AmorDePelis\app\build\generated\ksp\debug\java\com\alejandra\amordepelis\features\lists\di\ListsUseCaseModule_ProvideCreateSharedListUseCaseFactory.java, C:\Users\aleja\AndroidStudioProjects\ale-nini\AmorDePelis\app\build\generated\ksp\debug\java\com\alejandra\amordepelis\features\lists\di\ListsUseCaseModule_ProvideGetListDetailsUseCaseFactory.java, C:\Users\aleja\AndroidStudioProjects\ale-nini\AmorDePelis\app\build\generated\ksp\debug\java\com\alejandra\amordepelis\features\lists\di\ListsUseCaseModule_ProvideGetSharedListDetailsUseCaseFactory.java, C:\Users\aleja\AndroidStudioProjects\ale-nini\AmorDePelis\app\build\generated\ksp\debug\java\com\alejandra\amordepelis\features\lists\di\ListsUseCaseModule_ProvideGetSharedListsUseCaseFactory.java, C:\Users\aleja\AndroidStudioProjects\ale-nini\AmorDePelis\app\build\generated\ksp\debug\java\com\alejandra\amordepelis\features\lists\di\ListsUseCaseModule_ProvideListsUseCasesFactory.java, C:\Users\aleja\AndroidStudioProjects\ale-nini\AmorDePelis\app\build\generated\ksp\debug\java\com\alejandra\amordepelis\features\lists\domain\usecases\AddMovieToListUseCase_Factory.java, C:\Users\aleja\AndroidStudioProjects\ale-nini\AmorDePelis\app\build\generated\ksp\debug\java\com\alejandra\amordepelis\features\lists\domain\usecases\CreateSharedListUseCase_Factory.java, C:\Users\aleja\AndroidStudioProjects\ale-nini\AmorDePelis\app\build\generated\ksp\debug\java\com\alejandra\amordepelis\features\lists\domain\usecases\GetListDetailsUseCase_Factory.java, C:\Users\aleja\AndroidStudioProjects\ale-nini\AmorDePelis\app\build\generated\ksp\debug\java\com\alejandra\amordepelis\features\lists\domain\usecases\GetSharedListDetailsUseCase_Factory.java, C:\Users\aleja\AndroidStudioProjects\ale-nini\AmorDePelis\app\build\generated\ksp\debug\java\com\alejandra\amordepelis\features\lists\domain\usecases\GetSharedListsUseCase_Factory.java, C:\Users\aleja\AndroidStudioProjects\ale-nini\AmorDePelis\app\build\generated\ksp\debug\java\com\alejandra\amordepelis\features\lists\domain\usecases\ListsUseCases_Factory.java, C:\Users\aleja\AndroidStudioProjects\ale-nini\AmorDePelis\app\build\generated\ksp\debug\java\com\alejandra\amordepelis\features\lists\navigation\ListsNavGraph_Factory.java, C:\Users\aleja\AndroidStudioProjects\ale-nini\AmorDePelis\app\build\generated\ksp\debug\java\com\alejandra\amordepelis\features\lists\presentation\viewmodels\ListsViewModel_Factory.java, C:\Users\aleja\AndroidStudioProjects\ale-nini\AmorDePelis\app\build\generated\ksp\debug\java\com\alejandra\amordepelis\features\lists\presentation\viewmodels\ListsViewModel_HiltModules.java, C:\Users\aleja\AndroidStudioProjects\ale-nini\AmorDePelis\app\build\generated\ksp\debug\java\com\alejandra\amordepelis\features\lists\presentation\viewmodels\ListsViewModel_HiltModules_BindsModule_Binds_LazyMapKey.java, C:\Users\aleja\AndroidStudioProjects\ale-nini\AmorDePelis\app\build\generated\ksp\debug\java\com\alejandra\amordepelis\features\lists\presentation\viewmodels\ListsViewModel_HiltModules_KeyModule_ProvideFactory.java, C:\Users\aleja\AndroidStudioProjects\ale-nini\AmorDePelis\app\build\generated\ksp\debug\java\com\alejandra\amordepelis\features\lists\presentation\viewmodels\ListsViewModel_HiltModules_KeyModule_Provide_LazyMapKey.java, C:\Users\aleja\AndroidStudioProjects\ale-nini\AmorDePelis\app\build\generated\ksp\debug\java\com\alejandra\amordepelis\features\movies\data\datasources\local\LocalMovieDataSource_Factory.java, C:\Users\aleja\AndroidStudioProjects\ale-nini\AmorDePelis\app\build\generated\ksp\debug\java\com\alejandra\amordepelis\features\movies\data\datasources\remote\mapper\MovieFormDtoFactoryImpl_Factory.java, C:\Users\aleja\AndroidStudioProjects\ale-nini\AmorDePelis\app\build\generated\ksp\debug\java\com\alejandra\amordepelis\features\movies\data\datasources\remote\RemoteMovieDataSource_Factory.java, C:\Users\aleja\AndroidStudioProjects\ale-nini\AmorDePelis\app\build\generated\ksp\debug\java\com\alejandra\amordepelis\features\movies\data\repositories\MoviesRepositoryImpl_Factory.java, C:\Users\aleja\AndroidStudioProjects\ale-nini\AmorDePelis\app\build\generated\ksp\debug\java\com\alejandra\amordepelis\features\movies\di\MoviesNetworkModule_ProvideMoviesApiFactory.java, C:\Users\aleja\AndroidStudioProjects\ale-nini\AmorDePelis\app\build\generated\ksp\debug\java\com\alejandra\amordepelis\features\movies\di\MoviesUseCaseModule_ProvideAddMovieUseCaseFactory.java, C:\Users\aleja\AndroidStudioProjects\ale-nini\AmorDePelis\app\build\generated\ksp\debug\java\com\alejandra\amordepelis\features\movies\di\MoviesUseCaseModule_ProvideGetMovieDetailsUseCaseFactory.java, C:\Users\aleja\AndroidStudioProjects\ale-nini\AmorDePelis\app\build\generated\ksp\debug\java\com\alejandra\amordepelis\features\movies\di\MoviesUseCaseModule_ProvideGetMoviesUseCaseFactory.java, C:\Users\aleja\AndroidStudioProjects\ale-nini\AmorDePelis\app\build\generated\ksp\debug\java\com\alejandra\amordepelis\features\movies\di\MoviesUseCaseModule_ProvideMoviesUseCasesFactory.java, C:\Users\aleja\AndroidStudioProjects\ale-nini\AmorDePelis\app\build\generated\ksp\debug\java\com\alejandra\amordepelis\features\movies\di\MoviesUseCaseModule_ProvideSearchMoviesUseCaseFactory.java, C:\Users\aleja\AndroidStudioProjects\ale-nini\AmorDePelis\app\build\generated\ksp\debug\java\com\alejandra\amordepelis\features\movies\domain\usecases\AddMovieUseCase_Factory.java, C:\Users\aleja\AndroidStudioProjects\ale-nini\AmorDePelis\app\build\generated\ksp\debug\java\com\alejandra\amordepelis\features\movies\domain\usecases\CreateMovieWithImageUseCase_Factory.java, C:\Users\aleja\AndroidStudioProjects\ale-nini\AmorDePelis\app\build\generated\ksp\debug\java\com\alejandra\amordepelis\features\movies\domain\usecases\GetMovieDetailsUseCase_Factory.java, C:\Users\aleja\AndroidStudioProjects\ale-nini\AmorDePelis\app\build\generated\ksp\debug\java\com\alejandra\amordepelis\features\movies\domain\usecases\GetMoviesUseCase_Factory.java, C:\Users\aleja\AndroidStudioProjects\ale-nini\AmorDePelis\app\build\generated\ksp\debug\java\com\alejandra\amordepelis\features\movies\domain\usecases\SearchMoviesUseCase_Factory.java, C:\Users\aleja\AndroidStudioProjects\ale-nini\AmorDePelis\app\build\generated\ksp\debug\java\com\alejandra\amordepelis\features\movies\domain\usecases\SyncMoviesUseCase_Factory.java, C:\Users\aleja\AndroidStudioProjects\ale-nini\AmorDePelis\app\build\generated\ksp\debug\java\com\alejandra\amordepelis\features\movies\domain\usecases\ValidateMovieFormUseCase_Factory.java, C:\Users\aleja\AndroidStudioProjects\ale-nini\AmorDePelis\app\build\generated\ksp\debug\java\com\alejandra\amordepelis\features\movies\navigation\MoviesNavGraph_Factory.java, C:\Users\aleja\AndroidStudioProjects\ale-nini\AmorDePelis\app\build\generated\ksp\debug\java\com\alejandra\amordepelis\features\movies\presentation\viewmodels\AddMovieViewModel_Factory.java, C:\Users\aleja\AndroidStudioProjects\ale-nini\AmorDePelis\app\build\generated\ksp\debug\java\com\alejandra\amordepelis\features\movies\presentation\viewmodels\AddMovieViewModel_HiltModules.java, C:\Users\aleja\AndroidStudioProjects\ale-nini\AmorDePelis\app\build\generated\ksp\debug\java\com\alejandra\amordepelis\features\movies\presentation\viewmodels\AddMovieViewModel_HiltModules_BindsModule_Binds_LazyMapKey.java, C:\Users\aleja\AndroidStudioProjects\ale-nini\AmorDePelis\app\build\generated\ksp\debug\java\com\alejandra\amordepelis\features\movies\presentation\viewmodels\AddMovieViewModel_HiltModules_KeyModule_ProvideFactory.java, C:\Users\aleja\AndroidStudioProjects\ale-nini\AmorDePelis\app\build\generated\ksp\debug\java\com\alejandra\amordepelis\features\movies\presentation\viewmodels\AddMovieViewModel_HiltModules_KeyModule_Provide_LazyMapKey.java, C:\Users\aleja\AndroidStudioProjects\ale-nini\AmorDePelis\app\build\generated\ksp\debug\java\com\alejandra\amordepelis\features\movies\presentation\viewmodels\MoviesViewModel_Factory.java, C:\Users\aleja\AndroidStudioProjects\ale-nini\AmorDePelis\app\build\generated\ksp\debug\java\com\alejandra\amordepelis\features\movies\presentation\viewmodels\MoviesViewModel_HiltModules.java, C:\Users\aleja\AndroidStudioProjects\ale-nini\AmorDePelis\app\build\generated\ksp\debug\java\com\alejandra\amordepelis\features\movies\presentation\viewmodels\MoviesViewModel_HiltModules_BindsModule_Binds_LazyMapKey.java, C:\Users\aleja\AndroidStudioProjects\ale-nini\AmorDePelis\app\build\generated\ksp\debug\java\com\alejandra\amordepelis\features\movies\presentation\viewmodels\MoviesViewModel_HiltModules_KeyModule_ProvideFactory.java, C:\Users\aleja\AndroidStudioProjects\ale-nini\AmorDePelis\app\build\generated\ksp\debug\java\com\alejandra\amordepelis\features\movies\presentation\viewmodels\MoviesViewModel_HiltModules_KeyModule_Provide_LazyMapKey.java, C:\Users\aleja\AndroidStudioProjects\ale-nini\AmorDePelis\app\build\generated\ksp\debug\java\com\alejandra\amordepelis\features\user\data\datasources\local\LocalUserDataSource_Factory.java, C:\Users\aleja\AndroidStudioProjects\ale-nini\AmorDePelis\app\build\generated\ksp\debug\java\com\alejandra\amordepelis\features\user\data\repositories\UserRepositoryImpl_Factory.java, C:\Users\aleja\AndroidStudioProjects\ale-nini\AmorDePelis\app\build\generated\ksp\debug\java\com\alejandra\amordepelis\features\user\di\UserNetworkModule_ProvideUserApiFactory.java, C:\Users\aleja\AndroidStudioProjects\ale-nini\AmorDePelis\app\build\generated\ksp\debug\java\com\alejandra\amordepelis\features\user\di\UserUseCaseModule_ProvideDeleteUserUseCaseFactory.java, C:\Users\aleja\AndroidStudioProjects\ale-nini\AmorDePelis\app\build\generated\ksp\debug\java\com\alejandra\amordepelis\features\user\di\UserUseCaseModule_ProvideGetUserProfileUseCaseFactory.java, C:\Users\aleja\AndroidStudioProjects\ale-nini\AmorDePelis\app\build\generated\ksp\debug\java\com\alejandra\amordepelis\features\user\di\UserUseCaseModule_ProvideJoinVirtualRoomUseCaseFactory.java, C:\Users\aleja\AndroidStudioProjects\ale-nini\AmorDePelis\app\build\generated\ksp\debug\java\com\alejandra\amordepelis\features\user\di\UserUseCaseModule_ProvideUpdateUserProfileUseCaseFactory.java, C:\Users\aleja\AndroidStudioProjects\ale-nini\AmorDePelis\app\build\generated\ksp\debug\java\com\alejandra\amordepelis\features\user\di\UserUseCaseModule_ProvideUserUseCasesFactory.java, C:\Users\aleja\AndroidStudioProjects\ale-nini\AmorDePelis\app\build\generated\ksp\debug\java\com\alejandra\amordepelis\features\user\domain\usecases\DeleteUserUseCase_Factory.java, C:\Users\aleja\AndroidStudioProjects\ale-nini\AmorDePelis\app\build\generated\ksp\debug\java\com\alejandra\amordepelis\features\user\domain\usecases\GetUserProfileUseCase_Factory.java, C:\Users\aleja\AndroidStudioProjects\ale-nini\AmorDePelis\app\build\generated\ksp\debug\java\com\alejandra\amordepelis\features\user\domain\usecases\JoinVirtualRoomUseCase_Factory.java, C:\Users\aleja\AndroidStudioProjects\ale-nini\AmorDePelis\app\build\generated\ksp\debug\java\com\alejandra\amordepelis\features\user\domain\usecases\UpdateUserProfileUseCase_Factory.java, C:\Users\aleja\AndroidStudioProjects\ale-nini\AmorDePelis\app\build\generated\ksp\debug\java\com\alejandra\amordepelis\features\user\navigation\UserNavGraph_Factory.java, C:\Users\aleja\AndroidStudioProjects\ale-nini\AmorDePelis\app\build\generated\ksp\debug\java\com\alejandra\amordepelis\features\user\presentation\viewmodels\UserViewModel_Factory.java, C:\Users\aleja\AndroidStudioProjects\ale-nini\AmorDePelis\app\build\generated\ksp\debug\java\com\alejandra\amordepelis\features\user\presentation\viewmodels\UserViewModel_HiltModules.java, C:\Users\aleja\AndroidStudioProjects\ale-nini\AmorDePelis\app\build\generated\ksp\debug\java\com\alejandra\amordepelis\features\user\presentation\viewmodels\UserViewModel_HiltModules_BindsModule_Binds_LazyMapKey.java, C:\Users\aleja\AndroidStudioProjects\ale-nini\AmorDePelis\app\build\generated\ksp\debug\java\com\alejandra\amordepelis\features\user\presentation\viewmodels\UserViewModel_HiltModules_KeyModule_ProvideFactory.java, C:\Users\aleja\AndroidStudioProjects\ale-nini\AmorDePelis\app\build\generated\ksp\debug\java\com\alejandra\amordepelis\features\user\presentation\viewmodels\UserViewModel_HiltModules_KeyModule_Provide_LazyMapKey.java, C:\Users\aleja\AndroidStudioProjects\ale-nini\AmorDePelis\app\build\generated\ksp\debug\java\com\alejandra\amordepelis\Hilt_MainActivity.java, C:\Users\aleja\AndroidStudioProjects\ale-nini\AmorDePelis\app\build\generated\ksp\debug\java\com\alejandra\amordepelis\MainActivity_GeneratedInjector.java, C:\Users\aleja\AndroidStudioProjects\ale-nini\AmorDePelis\app\build\generated\ksp\debug\java\com\alejandra\amordepelis\MainActivity_MembersInjector.java, C:\Users\aleja\AndroidStudioProjects\ale-nini\AmorDePelis\app\build\generated\ksp\debug\java\dagger\hilt\internal\aggregatedroot\codegen\_com_alejandra_amordepelis_AmorDePelisApplication.java, C:\Users\aleja\AndroidStudioProjects\ale-nini\AmorDePelis\app\build\generated\ksp\debug\java\hilt_aggregated_deps\_com_alejandra_amordepelis_AmorDePelisApplication_GeneratedInjector.java, C:\Users\aleja\AndroidStudioProjects\ale-nini\AmorDePelis\app\build\generated\ksp\debug\java\hilt_aggregated_deps\_com_alejandra_amordepelis_core_di_DatabaseModule.java, C:\Users\aleja\AndroidStudioProjects\ale-nini\AmorDePelis\app\build\generated\ksp\debug\java\hilt_aggregated_deps\_com_alejandra_amordepelis_core_di_HardwareModule.java, C:\Users\aleja\AndroidStudioProjects\ale-nini\AmorDePelis\app\build\generated\ksp\debug\java\hilt_aggregated_deps\_com_alejandra_amordepelis_core_di_NavigationModule.java, C:\Users\aleja\AndroidStudioProjects\ale-nini\AmorDePelis\app\build\generated\ksp\debug\java\hilt_aggregated_deps\_com_alejandra_amordepelis_core_di_NetworkModule.java, C:\Users\aleja\AndroidStudioProjects\ale-nini\AmorDePelis\app\build\generated\ksp\debug\java\hilt_aggregated_deps\_com_alejandra_amordepelis_core_network_di_NetworkModule.java, C:\Users\aleja\AndroidStudioProjects\ale-nini\AmorDePelis\app\build\generated\ksp\debug\java\hilt_aggregated_deps\_com_alejandra_amordepelis_features_auth_di_AuthNetworkModule.java, C:\Users\aleja\AndroidStudioProjects\ale-nini\AmorDePelis\app\build\generated\ksp\debug\java\hilt_aggregated_deps\_com_alejandra_amordepelis_features_auth_di_AuthRepositoryModule.java, C:\Users\aleja\AndroidStudioProjects\ale-nini\AmorDePelis\app\build\generated\ksp\debug\java\hilt_aggregated_deps\_com_alejandra_amordepelis_features_auth_di_AuthUseCaseModule.java, C:\Users\aleja\AndroidStudioProjects\ale-nini\AmorDePelis\app\build\generated\ksp\debug\java\hilt_aggregated_deps\_com_alejandra_amordepelis_features_auth_presentation_viewmodels_AuthViewModel_HiltModules_BindsModule.java, C:\Users\aleja\AndroidStudioProjects\ale-nini\AmorDePelis\app\build\generated\ksp\debug\java\hilt_aggregated_deps\_com_alejandra_amordepelis_features_auth_presentation_viewmodels_AuthViewModel_HiltModules_KeyModule.java, C:\Users\aleja\AndroidStudioProjects\ale-nini\AmorDePelis\app\build\generated\ksp\debug\java\hilt_aggregated_deps\_com_alejandra_amordepelis_features_home_di_HomeNetworkModule.java, C:\Users\aleja\AndroidStudioProjects\ale-nini\AmorDePelis\app\build\generated\ksp\debug\java\hilt_aggregated_deps\_com_alejandra_amordepelis_features_home_di_HomeRepositoryModule.java, C:\Users\aleja\AndroidStudioProjects\ale-nini\AmorDePelis\app\build\generated\ksp\debug\java\hilt_aggregated_deps\_com_alejandra_amordepelis_features_home_di_HomeUseCaseModule.java, C:\Users\aleja\AndroidStudioProjects\ale-nini\AmorDePelis\app\build\generated\ksp\debug\java\hilt_aggregated_deps\_com_alejandra_amordepelis_features_home_presentation_viewmodels_AddAnnouncementViewModel_HiltModules_BindsModule.java, C:\Users\aleja\AndroidStudioProjects\ale-nini\AmorDePelis\app\build\generated\ksp\debug\java\hilt_aggregated_deps\_com_alejandra_amordepelis_features_home_presentation_viewmodels_AddAnnouncementViewModel_HiltModules_KeyModule.java, C:\Users\aleja\AndroidStudioProjects\ale-nini\AmorDePelis\app\build\generated\ksp\debug\java\hilt_aggregated_deps\_com_alejandra_amordepelis_features_home_presentation_viewmodels_HomeViewModel_HiltModules_BindsModule.java, C:\Users\aleja\AndroidStudioProjects\ale-nini\AmorDePelis\app\build\generated\ksp\debug\java\hilt_aggregated_deps\_com_alejandra_amordepelis_features_home_presentation_viewmodels_HomeViewModel_HiltModules_KeyModule.java, C:\Users\aleja\AndroidStudioProjects\ale-nini\AmorDePelis\app\build\generated\ksp\debug\java\hilt_aggregated_deps\_com_alejandra_amordepelis_features_lists_di_ListsNetworkModule.java, C:\Users\aleja\AndroidStudioProjects\ale-nini\AmorDePelis\app\build\generated\ksp\debug\java\hilt_aggregated_deps\_com_alejandra_amordepelis_features_lists_di_ListsRepositoryModule.java, C:\Users\aleja\AndroidStudioProjects\ale-nini\AmorDePelis\app\build\generated\ksp\debug\java\hilt_aggregated_deps\_com_alejandra_amordepelis_features_lists_di_ListsUseCaseModule.java, C:\Users\aleja\AndroidStudioProjects\ale-nini\AmorDePelis\app\build\generated\ksp\debug\java\hilt_aggregated_deps\_com_alejandra_amordepelis_features_lists_presentation_viewmodels_ListsViewModel_HiltModules_BindsModule.java, C:\Users\aleja\AndroidStudioProjects\ale-nini\AmorDePelis\app\build\generated\ksp\debug\java\hilt_aggregated_deps\_com_alejandra_amordepelis_features_lists_presentation_viewmodels_ListsViewModel_HiltModules_KeyModule.java, C:\Users\aleja\AndroidStudioProjects\ale-nini\AmorDePelis\app\build\generated\ksp\debug\java\hilt_aggregated_deps\_com_alejandra_amordepelis_features_movies_di_MoviesNetworkModule.java, C:\Users\aleja\AndroidStudioProjects\ale-nini\AmorDePelis\app\build\generated\ksp\debug\java\hilt_aggregated_deps\_com_alejandra_amordepelis_features_movies_di_MoviesRepositoryModule.java, C:\Users\aleja\AndroidStudioProjects\ale-nini\AmorDePelis\app\build\generated\ksp\debug\java\hilt_aggregated_deps\_com_alejandra_amordepelis_features_movies_di_MoviesUseCaseModule.java, C:\Users\aleja\AndroidStudioProjects\ale-nini\AmorDePelis\app\build\generated\ksp\debug\java\hilt_aggregated_deps\_com_alejandra_amordepelis_features_movies_presentation_viewmodels_AddMovieViewModel_HiltModules_BindsModule.java, C:\Users\aleja\AndroidStudioProjects\ale-nini\AmorDePelis\app\build\generated\ksp\debug\java\hilt_aggregated_deps\_com_alejandra_amordepelis_features_movies_presentation_viewmodels_AddMovieViewModel_HiltModules_KeyModule.java, C:\Users\aleja\AndroidStudioProjects\ale-nini\AmorDePelis\app\build\generated\ksp\debug\java\hilt_aggregated_deps\_com_alejandra_amordepelis_features_movies_presentation_viewmodels_MoviesViewModel_HiltModules_BindsModule.java, C:\Users\aleja\AndroidStudioProjects\ale-nini\AmorDePelis\app\build\generated\ksp\debug\java\hilt_aggregated_deps\_com_alejandra_amordepelis_features_movies_presentation_viewmodels_MoviesViewModel_HiltModules_KeyModule.java, C:\Users\aleja\AndroidStudioProjects\ale-nini\AmorDePelis\app\build\generated\ksp\debug\java\hilt_aggregated_deps\_com_alejandra_amordepelis_features_user_di_UserNetworkModule.java, C:\Users\aleja\AndroidStudioProjects\ale-nini\AmorDePelis\app\build\generated\ksp\debug\java\hilt_aggregated_deps\_com_alejandra_amordepelis_features_user_di_UserRepositoryModule.java, C:\Users\aleja\AndroidStudioProjects\ale-nini\AmorDePelis\app\build\generated\ksp\debug\java\hilt_aggregated_deps\_com_alejandra_amordepelis_features_user_di_UserUseCaseModule.java, C:\Users\aleja\AndroidStudioProjects\ale-nini\AmorDePelis\app\build\generated\ksp\debug\java\hilt_aggregated_deps\_com_alejandra_amordepelis_features_user_presentation_viewmodels_UserViewModel_HiltModules_BindsModule.java, C:\Users\aleja\AndroidStudioProjects\ale-nini\AmorDePelis\app\build\generated\ksp\debug\java\hilt_aggregated_deps\_com_alejandra_amordepelis_features_user_presentation_viewmodels_UserViewModel_HiltModules_KeyModule.java, C:\Users\aleja\AndroidStudioProjects\ale-nini\AmorDePelis\app\build\generated\ksp\debug\java\hilt_aggregated_deps\_com_alejandra_amordepelis_MainActivity_GeneratedInjector.java
Script source files: 
Script file extensions: 
Using Kotlin/JVM incremental compilation
[KOTLIN] Kotlin compilation 'jdkHome' argument: C:\Users\aleja\AppData\Roaming\Code\User\globalStorage\pleiades.java-extension-pack-jdk\java\25
Options for KOTLIN DAEMON: IncrementalCompilationOptions(super=CompilationOptions(compilerMode=INCREMENTAL_COMPILER, targetPlatform=JVM, reportCategories=[0, 3], reportSeverity=2, requestedCompilationResults=[0], kotlinScriptExtensions=[]), sourceChanges=org.jetbrains.kotlin.buildtools.api.SourcesChanges$Known@4a45af3c, classpathChanges=NoChanges, workingDir=C:\Users\aleja\AndroidStudioProjects\ale-nini\AmorDePelis\app\build\kotlin\compileDebugKotlin\cacheable, multiModuleICSettings=MultiModuleICSettings(buildHistoryFile=C:\Users\aleja\AndroidStudioProjects\ale-nini\AmorDePelis\app\build\kotlin\compileDebugKotlin\local-state\build-history.bin, useModuleDetection=true), icFeatures=IncrementalCompilationFeatures(usePreciseJavaTracking=true, withAbiSnapshot=false, preciseCompilationResultsBackup=true, keepIncrementalCompilationCachesInMemory=true, enableUnsafeIncrementalCompilationForMultiplatform=false, enableMonotonousIncrementalCompileSetExpansion=true), outputFiles=[C:\Users\aleja\AndroidStudioProjects\ale-nini\AmorDePelis\app\build\intermediates\built_in_kotlinc\debug\compileDebugKotlin\classes, C:\Users\aleja\AndroidStudioProjects\ale-nini\AmorDePelis\app\build\kotlin\compileDebugKotlin\cacheable, C:\Users\aleja\AndroidStudioProjects\ale-nini\AmorDePelis\app\build\kotlin\compileDebugKotlin\local-state])
e: file:///C:/Users/aleja/AndroidStudioProjects/ale-nini/AmorDePelis/app/src/main/java/com/alejandra/amordepelis/features/movies/presentation/screens/AddMovieScreen.kt:274:5 Syntax error: Expecting a top level declaration.
e: file:///C:/Users/aleja/AndroidStudioProjects/ale-nini/AmorDePelis/app/src/main/java/com/alejandra/amordepelis/features/movies/presentation/screens/AddMovieScreen.kt:274:19 Syntax error: Expecting a top level declaration.
e: file:///C:/Users/aleja/AndroidStudioProjects/ale-nini/AmorDePelis/app/src/main/java/com/alejandra/amordepelis/features/movies/presentation/screens/AddMovieScreen.kt:274:20 Syntax error: Expecting a top level declaration.
e: file:///C:/Users/aleja/AndroidStudioProjects/ale-nini/AmorDePelis/app/src/main/java/com/alejandra/amordepelis/features/movies/presentation/screens/AddMovieScreen.kt:274:27 Syntax error: Expecting a top level declaration.
e: file:///C:/Users/aleja/AndroidStudioProjects/ale-nini/AmorDePelis/app/src/main/java/com/alejandra/amordepelis/features/movies/presentation/screens/AddMovieScreen.kt:274:28 Syntax error: Expecting a top level declaration.
e: file:///C:/Users/aleja/AndroidStudioProjects/ale-nini/AmorDePelis/app/src/main/java/com/alejandra/amordepelis/features/movies/presentation/screens/AddMovieScreen.kt:274:35 Syntax error: Expecting a top level declaration.
e: file:///C:/Users/aleja/AndroidStudioProjects/ale-nini/AmorDePelis/app/src/main/java/com/alejandra/amordepelis/features/movies/presentation/screens/AddMovieScreen.kt:274:37 Syntax error: Expecting a top level declaration.
e: file:///C:/Users/aleja/AndroidStudioProjects/ale-nini/AmorDePelis/app/src/main/java/com/alejandra/amordepelis/features/movies/presentation/screens/AddMovieScreen.kt:274:37 Function declaration must have a name.
e: file:///C:/Users/aleja/AndroidStudioProjects/ale-nini/AmorDePelis/app/src/main/java/com/alejandra/amordepelis/features/movies/presentation/screens/AddMovieScreen.kt:275:13 Unresolved reference 'uiState'.
e: file:///C:/Users/aleja/AndroidStudioProjects/ale-nini/AmorDePelis/app/src/main/java/com/alejandra/amordepelis/features/movies/presentation/screens/AddMovieScreen.kt:276:13 Unresolved reference 'onMovieSaved'.
e: file:///C:/Users/aleja/AndroidStudioProjects/ale-nini/AmorDePelis/app/src/main/java/com/alejandra/amordepelis/features/movies/presentation/screens/AddMovieScreen.kt:277:13 Unresolved reference 'viewModel'.
e: file:///C:/Users/aleja/AndroidStudioProjects/ale-nini/AmorDePelis/app/src/main/java/com/alejandra/amordepelis/features/movies/presentation/screens/AddMovieScreen.kt:281:5 Syntax error: Expecting a top level declaration.
e: file:///C:/Users/aleja/AndroidStudioProjects/ale-nini/AmorDePelis/app/src/main/java/com/alejandra/amordepelis/features/movies/presentation/screens/AddMovieScreen.kt:281:19 Syntax error: Expecting a top level declaration.
e: file:///C:/Users/aleja/AndroidStudioProjects/ale-nini/AmorDePelis/app/src/main/java/com/alejandra/amordepelis/features/movies/presentation/screens/AddMovieScreen.kt:281:20 Syntax error: Expecting a top level declaration.
e: file:///C:/Users/aleja/AndroidStudioProjects/ale-nini/AmorDePelis/app/src/main/java/com/alejandra/amordepelis/features/movies/presentation/screens/AddMovieScreen.kt:281:27 Syntax error: Expecting a top level declaration.
e: file:///C:/Users/aleja/AndroidStudioProjects/ale-nini/AmorDePelis/app/src/main/java/com/alejandra/amordepelis/features/movies/presentation/screens/AddMovieScreen.kt:281:28 Syntax error: Expecting a top level declaration.
e: file:///C:/Users/aleja/AndroidStudioProjects/ale-nini/AmorDePelis/app/src/main/java/com/alejandra/amordepelis/features/movies/presentation/screens/AddMovieScreen.kt:281:33 Syntax error: Expecting a top level declaration.
e: file:///C:/Users/aleja/AndroidStudioProjects/ale-nini/AmorDePelis/app/src/main/java/com/alejandra/amordepelis/features/movies/presentation/screens/AddMovieScreen.kt:281:35 Syntax error: Expecting a top level declaration.
e: file:///C:/Users/aleja/AndroidStudioProjects/ale-nini/AmorDePelis/app/src/main/java/com/alejandra/amordepelis/features/movies/presentation/screens/AddMovieScreen.kt:281:35 Function declaration must have a name.
e: file:///C:/Users/aleja/AndroidStudioProjects/ale-nini/AmorDePelis/app/src/main/java/com/alejandra/amordepelis/features/movies/presentation/screens/AddMovieScreen.kt:282:9 Unresolved reference 'uiState'.
e: file:///C:/Users/aleja/AndroidStudioProjects/ale-nini/AmorDePelis/app/src/main/java/com/alejandra/amordepelis/features/movies/presentation/screens/AddMovieScreen.kt:282:24 Cannot infer type for this parameter. Specify it explicitly.
e: file:///C:/Users/aleja/AndroidStudioProjects/ale-nini/AmorDePelis/app/src/main/java/com/alejandra/amordepelis/features/movies/presentation/screens/AddMovieScreen.kt:282:28 Cannot infer type for this parameter. Specify it explicitly.
e: file:///C:/Users/aleja/AndroidStudioProjects/ale-nini/AmorDePelis/app/src/main/java/com/alejandra/amordepelis/features/movies/presentation/screens/AddMovieScreen.kt:283:13 Unresolved reference 'snackbarHostState'.
e: file:///C:/Users/aleja/AndroidStudioProjects/ale-nini/AmorDePelis/app/src/main/java/com/alejandra/amordepelis/features/movies/presentation/screens/AddMovieScreen.kt:284:13 Unresolved reference 'viewModel'.
e: file:///C:/Users/aleja/AndroidStudioProjects/ale-nini/AmorDePelis/app/src/main/java/com/alejandra/amordepelis/features/movies/presentation/screens/AddMovieScreen.kt:290:5 Syntax error: Expecting a top level declaration.
e: file:///C:/Users/aleja/AndroidStudioProjects/ale-nini/AmorDePelis/app/src/main/java/com/alejandra/amordepelis/features/movies/presentation/screens/AddMovieScreen.kt:290:13 Syntax error: Expecting a top level declaration.
e: file:///C:/Users/aleja/AndroidStudioProjects/ale-nini/AmorDePelis/app/src/main/java/com/alejandra/amordepelis/features/movies/presentation/screens/AddMovieScreen.kt:291:9 Syntax error: Expecting a top level declaration.
e: file:///C:/Users/aleja/AndroidStudioProjects/ale-nini/AmorDePelis/app/src/main/java/com/alejandra/amordepelis/features/movies/presentation/screens/AddMovieScreen.kt:291:18 Syntax error: Expecting a top level declaration.
e: file:///C:/Users/aleja/AndroidStudioProjects/ale-nini/AmorDePelis/app/src/main/java/com/alejandra/amordepelis/features/movies/presentation/screens/AddMovieScreen.kt:291:20 Syntax error: Expecting a top level declaration.
e: file:///C:/Users/aleja/AndroidStudioProjects/ale-nini/AmorDePelis/app/src/main/java/com/alejandra/amordepelis/features/movies/presentation/screens/AddMovieScreen.kt:291:28 Syntax error: Expecting a top level declaration.
e: file:///C:/Users/aleja/AndroidStudioProjects/ale-nini/AmorDePelis/app/src/main/java/com/alejandra/amordepelis/features/movies/presentation/screens/AddMovieScreen.kt:291:29 Syntax error: Expecting a top level declaration.
e: file:///C:/Users/aleja/AndroidStudioProjects/ale-nini/AmorDePelis/app/src/main/java/com/alejandra/amordepelis/features/movies/presentation/screens/AddMovieScreen.kt:291:40 Syntax error: Expecting a top level declaration.
e: file:///C:/Users/aleja/AndroidStudioProjects/ale-nini/AmorDePelis/app/src/main/java/com/alejandra/amordepelis/features/movies/presentation/screens/AddMovieScreen.kt:291:41 Syntax error: Expecting a top level declaration.
e: file:///C:/Users/aleja/AndroidStudioProjects/ale-nini/AmorDePelis/app/src/main/java/com/alejandra/amordepelis/features/movies/presentation/screens/AddMovieScreen.kt:291:42 Syntax error: Expecting a top level declaration.
e: file:///C:/Users/aleja/AndroidStudioProjects/ale-nini/AmorDePelis/app/src/main/java/com/alejandra/amordepelis/features/movies/presentation/screens/AddMovieScreen.kt:292:9 Syntax error: Expecting a top level declaration.
e: file:///C:/Users/aleja/AndroidStudioProjects/ale-nini/AmorDePelis/app/src/main/java/com/alejandra/amordepelis/features/movies/presentation/screens/AddMovieScreen.kt:292:22 Syntax error: Expecting a top level declaration.
e: file:///C:/Users/aleja/AndroidStudioProjects/ale-nini/AmorDePelis/app/src/main/java/com/alejandra/amordepelis/features/movies/presentation/screens/AddMovieScreen.kt:292:24 Syntax error: Expecting a top level declaration.
e: file:///C:/Users/aleja/AndroidStudioProjects/ale-nini/AmorDePelis/app/src/main/java/com/alejandra/amordepelis/features/movies/presentation/screens/AddMovieScreen.kt:292:24 Functions which invoke @Composable functions must be marked with the @Composable annotation
e: file:///C:/Users/aleja/AndroidStudioProjects/ale-nini/AmorDePelis/app/src/main/java/com/alejandra/amordepelis/features/movies/presentation/screens/AddMovieScreen.kt:292:24 Function declaration must have a name.
e: file:///C:/Users/aleja/AndroidStudioProjects/ale-nini/AmorDePelis/app/src/main/java/com/alejandra/amordepelis/features/movies/presentation/screens/AddMovieScreen.kt:292:26 @Composable invocations can only happen from the context of a @Composable function
e: file:///C:/Users/aleja/AndroidStudioProjects/ale-nini/AmorDePelis/app/src/main/java/com/alejandra/amordepelis/features/movies/presentation/screens/AddMovieScreen.kt:292:39 Unresolved reference 'snackbarHostState'.
e: file:///C:/Users/aleja/AndroidStudioProjects/ale-nini/AmorDePelis/app/src/main/java/com/alejandra/amordepelis/features/movies/presentation/screens/AddMovieScreen.kt:292:59 Syntax error: Expecting a top level declaration.
e: file:///C:/Users/aleja/AndroidStudioProjects/ale-nini/AmorDePelis/app/src/main/java/com/alejandra/amordepelis/features/movies/presentation/screens/AddMovieScreen.kt:293:9 Syntax error: Expecting a top level declaration.
e: file:///C:/Users/aleja/AndroidStudioProjects/ale-nini/AmorDePelis/app/src/main/java/com/alejandra/amordepelis/features/movies/presentation/screens/AddMovieScreen.kt:293:29 Syntax error: Expecting a top level declaration.
e: file:///C:/Users/aleja/AndroidStudioProjects/ale-nini/AmorDePelis/app/src/main/java/com/alejandra/amordepelis/features/movies/presentation/screens/AddMovieScreen.kt:293:31 Syntax error: Expecting a top level declaration.
e: file:///C:/Users/aleja/AndroidStudioProjects/ale-nini/AmorDePelis/app/src/main/java/com/alejandra/amordepelis/features/movies/presentation/screens/AddMovieScreen.kt:293:39 Syntax error: Expecting a top level declaration.
e: file:///C:/Users/aleja/AndroidStudioProjects/ale-nini/AmorDePelis/app/src/main/java/com/alejandra/amordepelis/features/movies/presentation/screens/AddMovieScreen.kt:293:40 Syntax error: Expecting a top level declaration.
e: file:///C:/Users/aleja/AndroidStudioProjects/ale-nini/AmorDePelis/app/src/main/java/com/alejandra/amordepelis/features/movies/presentation/screens/AddMovieScreen.kt:293:47 Syntax error: Expecting a top level declaration.
e: file:///C:/Users/aleja/AndroidStudioProjects/ale-nini/AmorDePelis/app/src/main/java/com/alejandra/amordepelis/features/movies/presentation/screens/AddMovieScreen.kt:293:48 Syntax error: Expecting a top level declaration.
e: file:///C:/Users/aleja/AndroidStudioProjects/ale-nini/AmorDePelis/app/src/main/java/com/alejandra/amordepelis/features/movies/presentation/screens/AddMovieScreen.kt:293:58 Syntax error: Expecting a top level declaration.
e: file:///C:/Users/aleja/AndroidStudioProjects/ale-nini/AmorDePelis/app/src/main/java/com/alejandra/amordepelis/features/movies/presentation/screens/AddMovieScreen.kt:293:59 Syntax error: Expecting a top level declaration.
e: file:///C:/Users/aleja/AndroidStudioProjects/ale-nini/AmorDePelis/app/src/main/java/com/alejandra/amordepelis/features/movies/presentation/screens/AddMovieScreen.kt:293:65 Syntax error: Expecting a top level declaration.
e: file:///C:/Users/aleja/AndroidStudioProjects/ale-nini/AmorDePelis/app/src/main/java/com/alejandra/amordepelis/features/movies/presentation/screens/AddMovieScreen.kt:293:66 Syntax error: Expecting a top level declaration.
e: file:///C:/Users/aleja/AndroidStudioProjects/ale-nini/AmorDePelis/app/src/main/java/com/alejandra/amordepelis/features/movies/presentation/screens/AddMovieScreen.kt:293:78 Syntax error: Expecting a top level declaration.
e: file:///C:/Users/aleja/AndroidStudioProjects/ale-nini/AmorDePelis/app/src/main/java/com/alejandra/amordepelis/features/movies/presentation/screens/AddMovieScreen.kt:293:79 Syntax error: Expecting a top level declaration.
e: file:///C:/Users/aleja/AndroidStudioProjects/ale-nini/AmorDePelis/app/src/main/java/com/alejandra/amordepelis/features/movies/presentation/screens/AddMovieScreen.kt:293:80 Syntax error: Expecting a top level declaration.
e: file:///C:/Users/aleja/AndroidStudioProjects/ale-nini/AmorDePelis/app/src/main/java/com/alejandra/amordepelis/features/movies/presentation/screens/AddMovieScreen.kt:293:82 Syntax error: Expecting a top level declaration.
e: file:///C:/Users/aleja/AndroidStudioProjects/ale-nini/AmorDePelis/app/src/main/java/com/alejandra/amordepelis/features/movies/presentation/screens/AddMovieScreen.kt:293:83 Syntax error: Expecting a top level declaration.
e: file:///C:/Users/aleja/AndroidStudioProjects/ale-nini/AmorDePelis/app/src/main/java/com/alejandra/amordepelis/features/movies/presentation/screens/AddMovieScreen.kt:293:85 Syntax error: Expecting a top level declaration.
e: file:///C:/Users/aleja/AndroidStudioProjects/ale-nini/AmorDePelis/app/src/main/java/com/alejandra/amordepelis/features/movies/presentation/screens/AddMovieScreen.kt:293:86 Syntax error: Expecting a top level declaration.
e: file:///C:/Users/aleja/AndroidStudioProjects/ale-nini/AmorDePelis/app/src/main/java/com/alejandra/amordepelis/features/movies/presentation/screens/AddMovieScreen.kt:293:88 Syntax error: Expecting a top level declaration.
e: file:///C:/Users/aleja/AndroidStudioProjects/ale-nini/AmorDePelis/app/src/main/java/com/alejandra/amordepelis/features/movies/presentation/screens/AddMovieScreen.kt:293:89 Syntax error: Expecting a top level declaration.
e: file:///C:/Users/aleja/AndroidStudioProjects/ale-nini/AmorDePelis/app/src/main/java/com/alejandra/amordepelis/features/movies/presentation/screens/AddMovieScreen.kt:294:5 Syntax error: Expecting a top level declaration.
e: file:///C:/Users/aleja/AndroidStudioProjects/ale-nini/AmorDePelis/app/src/main/java/com/alejandra/amordepelis/features/movies/presentation/screens/AddMovieScreen.kt:294:7 Syntax error: Expecting a top level declaration.
e: file:///C:/Users/aleja/AndroidStudioProjects/ale-nini/AmorDePelis/app/src/main/java/com/alejandra/amordepelis/features/movies/presentation/screens/AddMovieScreen.kt:294:7 Functions which invoke @Composable functions must be marked with the @Composable annotation
e: file:///C:/Users/aleja/AndroidStudioProjects/ale-nini/AmorDePelis/app/src/main/java/com/alejandra/amordepelis/features/movies/presentation/screens/AddMovieScreen.kt:294:7 Function declaration must have a name.
e: file:///C:/Users/aleja/AndroidStudioProjects/ale-nini/AmorDePelis/app/src/main/java/com/alejandra/amordepelis/features/movies/presentation/screens/AddMovieScreen.kt:294:9 Unresolved reference '_'.
e: file:///C:/Users/aleja/AndroidStudioProjects/ale-nini/AmorDePelis/app/src/main/java/com/alejandra/amordepelis/features/movies/presentation/screens/AddMovieScreen.kt:294:11 Syntax error: Unexpected tokens (use ';' to separate expressions on the same line).
e: file:///C:/Users/aleja/AndroidStudioProjects/ale-nini/AmorDePelis/app/src/main/java/com/alejandra/amordepelis/features/movies/presentation/screens/AddMovieScreen.kt:295:9 @Composable invocations can only happen from the context of a @Composable function
e: file:///C:/Users/aleja/AndroidStudioProjects/ale-nini/AmorDePelis/app/src/main/java/com/alejandra/amordepelis/features/movies/presentation/screens/AddMovieScreen.kt:298:33 @Composable invocations can only happen from the context of a @Composable function
e: file:///C:/Users/aleja/AndroidStudioProjects/ale-nini/AmorDePelis/app/src/main/java/com/alejandra/amordepelis/features/movies/presentation/screens/AddMovieScreen.kt:334:36 Unresolved reference 'uiState'.
e: file:///C:/Users/aleja/AndroidStudioProjects/ale-nini/AmorDePelis/app/src/main/java/com/alejandra/amordepelis/features/movies/presentation/screens/AddMovieScreen.kt:335:35 Unresolved reference 'showPhotoDialog'.
e: file:///C:/Users/aleja/AndroidStudioProjects/ale-nini/AmorDePelis/app/src/main/java/com/alejandra/amordepelis/features/movies/presentation/screens/AddMovieScreen.kt:340:25 Unresolved reference 'showPhotoDialog'.
e: file:///C:/Users/aleja/AndroidStudioProjects/ale-nini/AmorDePelis/app/src/main/java/com/alejandra/amordepelis/features/movies/presentation/screens/AddMovieScreen.kt:344:43 Unresolved reference 'showPhotoDialog'.
e: file:///C:/Users/aleja/AndroidStudioProjects/ale-nini/AmorDePelis/app/src/main/java/com/alejandra/amordepelis/features/movies/presentation/screens/AddMovieScreen.kt:346:33 Unresolved reference 'showPhotoDialog'.
e: file:///C:/Users/aleja/AndroidStudioProjects/ale-nini/AmorDePelis/app/src/main/java/com/alejandra/amordepelis/features/movies/presentation/screens/AddMovieScreen.kt:347:37 Unresolved reference 'activity'.
e: file:///C:/Users/aleja/AndroidStudioProjects/ale-nini/AmorDePelis/app/src/main/java/com/alejandra/amordepelis/features/movies/presentation/screens/AddMovieScreen.kt:348:37 Unresolved reference 'viewModel'.
e: file:///C:/Users/aleja/AndroidStudioProjects/ale-nini/AmorDePelis/app/src/main/java/com/alejandra/amordepelis/features/movies/presentation/screens/AddMovieScreen.kt:348:59 Unresolved reference 'activity'.
e: file:///C:/Users/aleja/AndroidStudioProjects/ale-nini/AmorDePelis/app/src/main/java/com/alejandra/amordepelis/features/movies/presentation/screens/AddMovieScreen.kt:352:33 Unresolved reference 'showPhotoDialog'.
e: file:///C:/Users/aleja/AndroidStudioProjects/ale-nini/AmorDePelis/app/src/main/java/com/alejandra/amordepelis/features/movies/presentation/screens/AddMovieScreen.kt:353:37 Unresolved reference 'activity'.
e: file:///C:/Users/aleja/AndroidStudioProjects/ale-nini/AmorDePelis/app/src/main/java/com/alejandra/amordepelis/features/movies/presentation/screens/AddMovieScreen.kt:354:37 Unresolved reference 'viewModel'.
e: file:///C:/Users/aleja/AndroidStudioProjects/ale-nini/AmorDePelis/app/src/main/java/com/alejandra/amordepelis/features/movies/presentation/screens/AddMovieScreen.kt:354:63 Unresolved reference 'activity'.
e: file:///C:/Users/aleja/AndroidStudioProjects/ale-nini/AmorDePelis/app/src/main/java/com/alejandra/amordepelis/features/movies/presentation/screens/AddMovieScreen.kt:364:33 Unresolved reference 'uiState'.
e: file:///C:/Users/aleja/AndroidStudioProjects/ale-nini/AmorDePelis/app/src/main/java/com/alejandra/amordepelis/features/movies/presentation/screens/AddMovieScreen.kt:365:41 Unresolved reference 'viewModel'.
e: file:///C:/Users/aleja/AndroidStudioProjects/ale-nini/AmorDePelis/app/src/main/java/com/alejandra/amordepelis/features/movies/presentation/screens/AddMovieScreen.kt:368:33 Unresolved reference 'uiState'.
e: file:///C:/Users/aleja/AndroidStudioProjects/ale-nini/AmorDePelis/app/src/main/java/com/alejandra/amordepelis/features/movies/presentation/screens/AddMovieScreen.kt:371:36 Unresolved reference 'uiState'.
e: file:///C:/Users/aleja/AndroidStudioProjects/ale-nini/AmorDePelis/app/src/main/java/com/alejandra/amordepelis/features/movies/presentation/screens/AddMovieScreen.kt:378:33 Unresolved reference 'uiState'.
e: file:///C:/Users/aleja/AndroidStudioProjects/ale-nini/AmorDePelis/app/src/main/java/com/alejandra/amordepelis/features/movies/presentation/screens/AddMovieScreen.kt:379:41 Unresolved reference 'viewModel'.
e: file:///C:/Users/aleja/AndroidStudioProjects/ale-nini/AmorDePelis/app/src/main/java/com/alejandra/amordepelis/features/movies/presentation/screens/AddMovieScreen.kt:384:36 Unresolved reference 'uiState'.
e: file:///C:/Users/aleja/AndroidStudioProjects/ale-nini/AmorDePelis/app/src/main/java/com/alejandra/amordepelis/features/movies/presentation/screens/AddMovieScreen.kt:391:33 Unresolved reference 'uiState'.
e: file:///C:/Users/aleja/AndroidStudioProjects/ale-nini/AmorDePelis/app/src/main/java/com/alejandra/amordepelis/features/movies/presentation/screens/AddMovieScreen.kt:392:41 Unresolved reference 'viewModel'.
e: file:///C:/Users/aleja/AndroidStudioProjects/ale-nini/AmorDePelis/app/src/main/java/com/alejandra/amordepelis/features/movies/presentation/screens/AddMovieScreen.kt:395:33 Unresolved reference 'uiState'.
e: file:///C:/Users/aleja/AndroidStudioProjects/ale-nini/AmorDePelis/app/src/main/java/com/alejandra/amordepelis/features/movies/presentation/screens/AddMovieScreen.kt:397:36 Unresolved reference 'uiState'.
e: file:///C:/Users/aleja/AndroidStudioProjects/ale-nini/AmorDePelis/app/src/main/java/com/alejandra/amordepelis/features/movies/presentation/screens/AddMovieScreen.kt:404:33 Unresolved reference 'uiState'.
e: file:///C:/Users/aleja/AndroidStudioProjects/ale-nini/AmorDePelis/app/src/main/java/com/alejandra/amordepelis/features/movies/presentation/screens/AddMovieScreen.kt:405:41 Unresolved reference 'viewModel'.
e: file:///C:/Users/aleja/AndroidStudioProjects/ale-nini/AmorDePelis/app/src/main/java/com/alejandra/amordepelis/features/movies/presentation/screens/AddMovieScreen.kt:408:33 Unresolved reference 'uiState'.
e: file:///C:/Users/aleja/AndroidStudioProjects/ale-nini/AmorDePelis/app/src/main/java/com/alejandra/amordepelis/features/movies/presentation/screens/AddMovieScreen.kt:409:36 Unresolved reference 'uiState'.
e: file:///C:/Users/aleja/AndroidStudioProjects/ale-nini/AmorDePelis/app/src/main/java/com/alejandra/amordepelis/features/movies/presentation/screens/AddMovieScreen.kt:416:37 Unresolved reference 'viewModel'.
e: file:///C:/Users/aleja/AndroidStudioProjects/ale-nini/AmorDePelis/app/src/main/java/com/alejandra/amordepelis/features/movies/presentation/screens/AddMovieScreen.kt:417:36 Unresolved reference 'uiState'.
e: file:///C:/Users/aleja/AndroidStudioProjects/ale-nini/AmorDePelis/app/src/main/java/com/alejandra/amordepelis/features/movies/presentation/screens/AddMovieScreen.kt:427:29 Unresolved reference 'uiState'.
e: file:///C:/Users/aleja/AndroidStudioProjects/ale-nini/AmorDePelis/app/src/main/java/com/alejandra/amordepelis/features/movies/presentation/screens/AddMovieScreen.kt:442:1 Syntax error: Expecting a top level declaration.
Finished executing kotlin compiler using DAEMON strategy
Restoring task outputs to pre-compilation state

> Task :app:compileDebugKotlin FAILED
Build 30017c36-d467-4a17-885b-205c0829ad74 is closed

FAILURE: Build failed with an exception.

* What went wrong:
Execution failed for task ':app:compileDebugKotlin'.
> A failure occurred while executing org.jetbrains.kotlin.compilerRunner.GradleCompilerRunnerWithWorkers$GradleKotlinCompilerWorkAction
   > Compilation error. See log for more details

* Try:
> Run with --stacktrace option to get the stack trace.
> Run with --debug option to get more log output.
> Run with --scan to generate a Build Scan (Powered by Develocity).
> Get more help at https://help.gradle.org.

BUILD FAILED in 1m 44s
7 actionable tasks: 2 executed, 5 up-to-date
Watched directory hierarchies: [C:\Users\aleja\AndroidStudioProjects\ale-nini\AmorDePelis]
